[2026-09-03T16:14:56.049+08:00] CLI invoked: midscene-web connect --url http://127.0.0.1:8765/index.html
[2026-09-03T16:14:56.080+08:00] command: connect, args: {"web.url":"http://127.0.0.1:8765/index.html"}
[2026-09-03T16:14:58.949+08:00] command connect completed, isError: false
[2026-09-03T16:16:24.931+08:00] CLI invoked: midscene-web act --prompt 点击顶部标签栏里写着「S4-S7 养成」的那个标签按钮
[2026-09-03T16:16:24.950+08:00] command: act, args: {"prompt":"点击顶部标签栏里写着「S4-S7 养成」的那个标签按钮"}
[2026-09-03T16:16:38.609+08:00] command act completed, isError: false
[2026-09-03T16:17:20.324+08:00] CLI invoked: midscene-web act --prompt 把「经过」那个滑块（第一个 range 滑块）拖到最右端，让它变成 72 h
[2026-09-03T16:17:20.340+08:00] command: act, args: {"prompt":"把「经过」那个滑块（第一个 range 滑块）拖到最右端，让它变成 72 h"}
[2026-09-03T16:17:35.739+08:00] command act completed, isError: false
[2026-09-03T16:18:01.976+08:00] CLI invoked: midscene-web act --prompt 向下滚动页面到出现「S5 图鉴」标题和它下面的宝可梦网格
[2026-09-03T16:18:01.992+08:00] command: act, args: {"prompt":"向下滚动页面到出现「S5 图鉴」标题和它下面的宝可梦网格"}
[2026-09-03T16:18:14.624+08:00] command act completed, isError: false
[2026-09-03T16:18:59.078+08:00] CLI invoked: midscene-web act --prompt 把「显示」下拉框选成「未捕获=剪影」，然后点击「下页」按钮两次让它翻到第 3 页
[2026-09-03T16:18:59.094+08:00] command: act, args: {"prompt":"把「显示」下拉框选成「未捕获=剪影」，然后点击「下页」按钮两次让它翻到第 3 页"}
[2026-09-03T16:19:37.855+08:00] command act completed, isError: false
[2026-09-03T16:20:35.955+08:00] CLI invoked: midscene-web act --prompt 向下滚动到出现「S6 存档」标题和它下面的槽A槽B状态卡片
[2026-09-03T16:20:35.972+08:00] command: act, args: {"prompt":"向下滚动到出现「S6 存档」标题和它下面的槽A槽B状态卡片"}
[2026-09-03T16:20:48.452+08:00] command act completed, isError: false
[2026-09-03T16:21:07.604+08:00] CLI invoked: midscene-web act --prompt 点击「写入存档」按钮两次，然后点击「注入损坏（翻 1 bit）」按钮一次
[2026-09-03T16:21:07.620+08:00] command: act, args: {"prompt":"点击「写入存档」按钮两次，然后点击「注入损坏（翻 1 bit）」按钮一次"}
[2026-09-03T16:21:34.334+08:00] command act completed, isError: false
[2026-09-03T16:22:00.071+08:00] CLI invoked: midscene-web act --prompt 向下滚动到出现「判定探针」表格，能看到表格里的所有行
[2026-09-03T16:22:00.088+08:00] command: act, args: {"prompt":"向下滚动到出现「判定探针」表格，能看到表格里的所有行"}
[2026-09-03T16:22:12.450+08:00] command act completed, isError: false
[2026-09-03T16:22:37.418+08:00] CLI invoked: midscene-web act --prompt 先滚动到页面最顶部，然后点击标签栏里的「S8-S11 元系统」标签
[2026-09-03T16:22:37.435+08:00] command: act, args: {"prompt":"先滚动到页面最顶部，然后点击标签栏里的「S8-S11 元系统」标签"}
[2026-09-03T16:23:06.532+08:00] command act completed, isError: false
[2026-09-03T16:23:36.107+08:00] CLI invoked: midscene-web act --prompt 滚动到「S9 道具」区域，把稀有度下拉框选成五星那一项，勾上「新地点」复选框，然后点击「触发一次掉落」按钮三次
[2026-09-03T16:23:36.124+08:00] command: act, args: {"prompt":"滚动到「S9 道具」区域，把稀有度下拉框选成五星那一项，勾上「新地点」复选框，然后点击「触发一次掉落」按钮三次"}
[2026-09-03T16:24:36.847+08:00] command act completed, isError: false
[2026-09-03T16:25:20.370+08:00] CLI invoked: midscene-web act --prompt 滚动到「S10 成绩」区域，点击「跑完 14 天」按钮
[2026-09-03T16:25:20.386+08:00] command: act, args: {"prompt":"滚动到「S10 成绩」区域，点击「跑完 14 天」按钮"}
[2026-09-03T16:25:38.380+08:00] command act completed, isError: false
[2026-09-03T16:26:36.890+08:00] CLI invoked: midscene-web act --prompt 滚动到「S11 开场动画」区域，让设备屏幕和右侧的 logo Y 轨迹图都可见
[2026-09-03T16:26:36.907+08:00] command: act, args: {"prompt":"滚动到「S11 开场动画」区域，让设备屏幕和右侧的 logo Y 轨迹图都可见"}
[2026-09-03T16:26:49.111+08:00] command act completed, isError: false
[2026-09-03T16:27:27.051+08:00] CLI invoked: midscene-web act --prompt 把 S11 开场动画区域里设备屏幕下方那个横向滑块（scrub 滑块）拖到接近最右端的位置
[2026-09-03T16:27:27.067+08:00] command: act, args: {"prompt":"把 S11 开场动画区域里设备屏幕下方那个横向滑块（scrub 滑块）拖到接近最右端的位置"}
[2026-09-03T16:28:13.376+08:00] command act completed, isError: false
[2026-09-03T16:34:56.407+08:00] CLI invoked: midscene-web act --prompt 重新加载当前页面，然后点击标签栏里的「S8-S11 元系统」标签，接着向下滚动到最底部的伙伴选择画面
[2026-09-03T16:34:56.424+08:00] command: act, args: {"prompt":"重新加载当前页面，然后点击标签栏里的「S8-S11 元系统」标签，接着向下滚动到最底部的伙伴选择画面"}
[2026-09-03T16:35:40.373+08:00] command act completed, isError: true
[2026-09-03T16:36:04.037+08:00] CLI invoked: midscene-web connect --url http://127.0.0.1:8765/index.html?v=2
[2026-09-03T16:36:04.054+08:00] command: connect, args: {"web.url":"http://127.0.0.1:8765/index.html?v=2"}
[2026-09-03T16:36:04.419+08:00] command connect completed, isError: false
[2026-09-03T16:36:30.916+08:00] CLI invoked: midscene-web act --prompt 点击标签栏里的「S8-S11 元系统」标签，然后滚动到页面最底部
[2026-09-03T16:36:30.932+08:00] command: act, args: {"prompt":"点击标签栏里的「S8-S11 元系统」标签，然后滚动到页面最底部"}
[2026-09-03T16:37:04.613+08:00] command act completed, isError: false
[2026-09-03T16:37:40.700+08:00] CLI invoked: midscene-web act --prompt 向上滚动，直到能看到「伙伴选择」标题下面那个画着三个精灵球和皮卡丘的深色画布
[2026-09-03T16:37:40.718+08:00] command: act, args: {"prompt":"向上滚动，直到能看到「伙伴选择」标题下面那个画着三个精灵球和皮卡丘的深色画布"}
[2026-09-03T16:38:02.546+08:00] command act completed, isError: false
[2026-09-03T16:40:02.075+08:00] CLI invoked: midscene-web connect --url http://127.0.0.1:8765/index.html?v=3
[2026-09-03T16:40:02.092+08:00] command: connect, args: {"web.url":"http://127.0.0.1:8765/index.html?v=3"}
[2026-09-03T16:40:02.597+08:00] command connect completed, isError: false
[2026-09-03T16:40:06.148+08:00] CLI invoked: midscene-web act --prompt 点击「S8-S11 元系统」标签，然后向下滚动到能看到那个深色的伙伴选择画布（画着三个精灵球和皮卡丘）
[2026-09-03T16:40:06.169+08:00] command: act, args: {"prompt":"点击「S8-S11 元系统」标签，然后向下滚动到能看到那个深色的伙伴选择画布（画着三个精灵球和皮卡丘）"}
[2026-09-03T16:40:58.290+08:00] command act completed, isError: false
[2026-09-03T16:44:31.432+08:00] CLI invoked: midscene-web connect --url http://127.0.0.1:8765/index.html?v=4
[2026-09-03T16:44:31.451+08:00] command: connect, args: {"web.url":"http://127.0.0.1:8765/index.html?v=4"}
[2026-09-03T16:44:32.708+08:00] command connect completed, isError: false
[2026-09-03T16:44:34.926+08:00] CLI invoked: midscene-web act --prompt 点击「S8-S11 元系统」标签，滚动到深色的伙伴选择画布，然后点击「C 预览」按钮
[2026-09-03T16:44:34.942+08:00] command: act, args: {"prompt":"点击「S8-S11 元系统」标签，滚动到深色的伙伴选择画布，然后点击「C 预览」按钮"}
[2026-09-03T16:45:38.603+08:00] command act completed, isError: false
[2026-09-03T16:46:27.562+08:00] CLI invoked: midscene-web act --prompt 向下滚动约 300 像素，让那个深色的伙伴选择画布完整可见
[2026-09-03T16:46:27.578+08:00] command: act, args: {"prompt":"向下滚动约 300 像素，让那个深色的伙伴选择画布完整可见"}
[2026-09-03T16:46:42.052+08:00] command act completed, isError: false
[2026-09-03T17:35:56.006+08:00] CLI invoked: midscene-web connect --url http://127.0.0.1:8765/index.html?v=5
[2026-09-03T17:35:56.023+08:00] command: connect, args: {"web.url":"http://127.0.0.1:8765/index.html?v=5"}
[2026-09-03T17:35:56.999+08:00] command connect completed, isError: false
[2026-09-03T17:35:59.849+08:00] CLI invoked: midscene-web act --prompt 点击标签栏里的「S13 音频」标签
[2026-09-03T17:35:59.866+08:00] command: act, args: {"prompt":"点击标签栏里的「S13 音频」标签"}
[2026-09-03T17:36:13.560+08:00] command act completed, isError: false
[2026-09-03T17:36:59.806+08:00] CLI invoked: midscene-web act --prompt 向下滚动到「音效库」标题，让下面那张列出所有音效的表格和它下方的说明文字都可见
[2026-09-03T17:36:59.823+08:00] command: act, args: {"prompt":"向下滚动到「音效库」标题，让下面那张列出所有音效的表格和它下方的说明文字都可见"}
[2026-09-03T17:37:23.140+08:00] command act completed, isError: false
[2026-09-03T17:38:04.995+08:00] CLI invoked: midscene-web act --prompt 点击 shiny 那一行左边的播放按钮
[2026-09-03T17:38:05.027+08:00] command: act, args: {"prompt":"点击 shiny 那一行左边的播放按钮"}
[2026-09-03T17:38:17.063+08:00] command act completed, isError: false
[2026-09-03T17:38:21.158+08:00] CLI invoked: midscene-web act --prompt 点击「12.5%」按钮
[2026-09-03T17:38:21.177+08:00] command: act, args: {"prompt":"点击「12.5%」按钮"}
[2026-09-03T17:38:34.271+08:00] command act completed, isError: false
[2026-09-03T18:41:26.520+08:00] CLI invoked: midscene-web connect --url http://127.0.0.1:8765/index.html?v=6
[2026-09-03T18:41:26.537+08:00] command: connect, args: {"web.url":"http://127.0.0.1:8765/index.html?v=6"}
[2026-09-03T18:41:27.026+08:00] command connect completed, isError: false
[2026-09-03T18:41:29.541+08:00] CLI invoked: midscene-web act --prompt 点击「S8-S11 元系统」标签，然后向下滚动到深色的伙伴选择画布
[2026-09-03T18:41:29.560+08:00] command: act, args: {"prompt":"点击「S8-S11 元系统」标签，然后向下滚动到深色的伙伴选择画布"}
[2026-09-03T18:41:56.882+08:00] command act completed, isError: false
[2026-09-03T18:42:32.299+08:00] CLI invoked: midscene-web act --prompt 向下滚动约 350 像素，让深色的伙伴选择画布完整可见（能看到三个精灵球和皮卡丘）
[2026-09-03T18:42:32.315+08:00] command: act, args: {"prompt":"向下滚动约 350 像素，让深色的伙伴选择画布完整可见（能看到三个精灵球和皮卡丘）"}
[2026-09-03T18:42:45.447+08:00] command act completed, isError: false
[2026-09-03T18:44:17.619+08:00] CLI invoked: midscene-web connect --url http://127.0.0.1:8765/index.html?v=7
[2026-09-03T18:44:17.640+08:00] command: connect, args: {"web.url":"http://127.0.0.1:8765/index.html?v=7"}
[2026-09-03T18:44:18.132+08:00] command connect completed, isError: false
[2026-09-03T18:44:20.357+08:00] CLI invoked: midscene-web act --prompt 点击「S8-S11 元系统」标签，滚动到深色伙伴选择画布，然后点击「C 预览」按钮
[2026-09-03T18:44:20.373+08:00] command: act, args: {"prompt":"点击「S8-S11 元系统」标签，滚动到深色伙伴选择画布，然后点击「C 预览」按钮"}
[2026-09-03T18:45:00.025+08:00] command act completed, isError: false
[2026-09-03T18:45:33.614+08:00] CLI invoked: midscene-web act --prompt 向下滚动约 400 像素
[2026-09-03T18:45:33.630+08:00] command: act, args: {"prompt":"向下滚动约 400 像素"}
[2026-09-03T18:45:46.024+08:00] command act completed, isError: false
