[2026-09-03T16:16:31.304+08:00] actionInActionSpace matched {
  name: 'Tap',
  description: 'Tap the element',
  interfaceAlias: 'aiTap',
  paramSchema: ZodObject {
    spa: [Function: bound safeParseAsync] AsyncFunction,
    _def: {
      shape: [Function: shape],
      unknownKeys: 'strip',
      catchall: [ZodNever],
      typeName: 'ZodObject'
    },
    parse: [Function: bound parse],
    safeParse: [Function: bound safeParse],
    parseAsync: [Function: bound parseAsync] AsyncFunction,
    safeParseAsync: [Function: bound safeParseAsync] AsyncFunction,
    refine: [Function: bound refine],
    refinement: [Function: bound refinement],
    superRefine: [Function: bound superRefine],
    optional: [Function: bound optional],
    nullable: [Function: bound nullable],
    nullish: [Function: bound nullish],
    array: [Function: bound array],
    promise: [Function: bound promise],
    or: [Function: bound or],
    and: [Function: bound and],
    transform: [Function: bound transform],
    brand: [Function: bound brand],
    default: [Function: bound default],
    catch: [Function: bound catch],
    describe: [Function: bound describe],
    pipe: [Function: bound pipe],
    readonly: [Function: bound readonly],
    isNullable: [Function: bound isNullable],
    isOptional: [Function: bound isOptional],
    '~standard': { version: 1, vendor: 'zod', validate: [Function: validate] },
    _cached: null,
    nonstrict: [Function: passthrough],
    augment: [Function: extend]
  },
  sample: { locate: { prompt: 'the "Submit" button' } },
  call: [AsyncFunction: call]
}
[2026-09-03T16:16:31.304+08:00] locateFields [ 'locate' ]
[2026-09-03T16:16:38.552+08:00] task completed via <complete> tag, stop planning
[2026-09-03T16:17:24.101+08:00] actionInActionSpace matched {
  name: 'DragAndDrop',
  description: 'Pick up a specific UI element and move it to a new position (e.g., reorder a card, move a file into a folder, sort list items). The element itself moves with your finger/mouse.',
  interfaceAlias: 'aiDragAndDrop',
  paramSchema: ZodObject {
    spa: [Function: bound safeParseAsync] AsyncFunction,
    _def: {
      shape: [Function: shape],
      unknownKeys: 'strip',
      catchall: [ZodNever],
      typeName: 'ZodObject'
    },
    parse: [Function: bound parse],
    safeParse: [Function: bound safeParse],
    parseAsync: [Function: bound parseAsync] AsyncFunction,
    safeParseAsync: [Function: bound safeParseAsync] AsyncFunction,
    refine: [Function: bound refine],
    refinement: [Function: bound refinement],
    superRefine: [Function: bound superRefine],
    optional: [Function: bound optional],
    nullable: [Function: bound nullable],
    nullish: [Function: bound nullish],
    array: [Function: bound array],
    promise: [Function: bound promise],
    or: [Function: bound or],
    and: [Function: bound and],
    transform: [Function: bound transform],
    brand: [Function: bound brand],
    default: [Function: bound default],
    catch: [Function: bound catch],
    describe: [Function: bound describe],
    pipe: [Function: bound pipe],
    readonly: [Function: bound readonly],
    isNullable: [Function: bound isNullable],
    isOptional: [Function: bound isOptional],
    '~standard': { version: 1, vendor: 'zod', validate: [Function: validate] },
    _cached: null,
    nonstrict: [Function: passthrough],
    augment: [Function: extend]
  },
  sample: {
    from: { prompt: 'the "report.pdf" file icon' },
    to: { prompt: 'the upload drop zone' }
  },
  call: [AsyncFunction: call]
}
[2026-09-03T16:17:24.101+08:00] locateFields [ 'from', 'to' ]
[2026-09-03T16:17:35.694+08:00] task completed via <complete> tag, stop planning
[2026-09-03T16:18:05.801+08:00] actionInActionSpace matched {
  name: 'Scroll',
  description: 'Scroll the page or a scrollable element to browse content. This is the preferred way to scroll on all platforms, including mobile. Supports scrollToBottom/scrollToTop for boundary navigation. Default: direction `down`, scrollType `singleAction`, distance `null`.',
  interfaceAlias: 'aiScroll',
  paramSchema: ZodObject {
    spa: [Function: bound safeParseAsync] AsyncFunction,
    _def: {
      shape: [Function: shape],
      unknownKeys: 'strip',
      catchall: [ZodNever],
      typeName: 'ZodObject'
    },
    parse: [Function: bound parse],
    safeParse: [Function: bound safeParse],
    parseAsync: [Function: bound parseAsync] AsyncFunction,
    safeParseAsync: [Function: bound safeParseAsync] AsyncFunction,
    refine: [Function: bound refine],
    refinement: [Function: bound refinement],
    superRefine: [Function: bound superRefine],
    optional: [Function: bound optional],
    nullable: [Function: bound nullable],
    nullish: [Function: bound nullish],
    array: [Function: bound array],
    promise: [Function: bound promise],
    or: [Function: bound or],
    and: [Function: bound and],
    transform: [Function: bound transform],
    brand: [Function: bound brand],
    default: [Function: bound default],
    catch: [Function: bound catch],
    describe: [Function: bound describe],
    pipe: [Function: bound pipe],
    readonly: [Function: bound readonly],
    isNullable: [Function: bound isNullable],
    isOptional: [Function: bound isOptional],
    '~standard': { version: 1, vendor: 'zod', validate: [Function: validate] },
    _cached: null,
    nonstrict: [Function: passthrough],
    augment: [Function: extend]
  },
  sample: {
    direction: 'down',
    scrollType: 'singleAction',
    locate: { prompt: 'the center of the product list area' }
  },
  call: [AsyncFunction: call]
}
[2026-09-03T16:18:05.802+08:00] locateFields [ 'locate' ]
[2026-09-03T16:18:14.553+08:00] task completed via <complete> tag, stop planning
[2026-09-03T16:19:03.816+08:00] actionInActionSpace matched {
  name: 'Tap',
  description: 'Tap the element',
  interfaceAlias: 'aiTap',
  paramSchema: ZodObject {
    spa: [Function: bound safeParseAsync] AsyncFunction,
    _def: {
      shape: [Function: shape],
      unknownKeys: 'strip',
      catchall: [ZodNever],
      typeName: 'ZodObject'
    },
    parse: [Function: bound parse],
    safeParse: [Function: bound safeParse],
    parseAsync: [Function: bound parseAsync] AsyncFunction,
    safeParseAsync: [Function: bound safeParseAsync] AsyncFunction,
    refine: [Function: bound refine],
    refinement: [Function: bound refinement],
    superRefine: [Function: bound superRefine],
    optional: [Function: bound optional],
    nullable: [Function: bound nullable],
    nullish: [Function: bound nullish],
    array: [Function: bound array],
    promise: [Function: bound promise],
    or: [Function: bound or],
    and: [Function: bound and],
    transform: [Function: bound transform],
    brand: [Function: bound brand],
    default: [Function: bound default],
    catch: [Function: bound catch],
    describe: [Function: bound describe],
    pipe: [Function: bound pipe],
    readonly: [Function: bound readonly],
    isNullable: [Function: bound isNullable],
    isOptional: [Function: bound isOptional],
    '~standard': { version: 1, vendor: 'zod', validate: [Function: validate] },
    _cached: null,
    nonstrict: [Function: passthrough],
    augment: [Function: extend]
  },
  sample: { locate: { prompt: 'the "Submit" button' } },
  call: [AsyncFunction: call]
}
[2026-09-03T16:19:03.816+08:00] locateFields [ 'locate' ]
[2026-09-03T16:19:11.641+08:00] actionInActionSpace matched {
  name: 'Tap',
  description: 'Tap the element',
  interfaceAlias: 'aiTap',
  paramSchema: ZodObject {
    spa: [Function: bound safeParseAsync] AsyncFunction,
    _def: {
      shape: [Function: shape],
      unknownKeys: 'strip',
      catchall: [ZodNever],
      typeName: 'ZodObject'
    },
    parse: [Function: bound parse],
    safeParse: [Function: bound safeParse],
    parseAsync: [Function: bound parseAsync] AsyncFunction,
    safeParseAsync: [Function: bound safeParseAsync] AsyncFunction,
    refine: [Function: bound refine],
    refinement: [Function: bound refinement],
    superRefine: [Function: bound superRefine],
    optional: [Function: bound optional],
    nullable: [Function: bound nullable],
    nullish: [Function: bound nullish],
    array: [Function: bound array],
    promise: [Function: bound promise],
    or: [Function: bound or],
    and: [Function: bound and],
    transform: [Function: bound transform],
    brand: [Function: bound brand],
    default: [Function: bound default],
    catch: [Function: bound catch],
    describe: [Function: bound describe],
    pipe: [Function: bound pipe],
    readonly: [Function: bound readonly],
    isNullable: [Function: bound isNullable],
    isOptional: [Function: bound isOptional],
    '~standard': { version: 1, vendor: 'zod', validate: [Function: validate] },
    _cached: { shape: [Object], keys: [Array] },
    nonstrict: [Function: passthrough],
    augment: [Function: extend]
  },
  sample: { locate: { prompt: 'the "Submit" button' } },
  call: [AsyncFunction: call]
}
[2026-09-03T16:19:11.641+08:00] locateFields [ 'locate' ]
[2026-09-03T16:19:20.140+08:00] actionInActionSpace matched {
  name: 'Tap',
  description: 'Tap the element',
  interfaceAlias: 'aiTap',
  paramSchema: ZodObject {
    spa: [Function: bound safeParseAsync] AsyncFunction,
    _def: {
      shape: [Function: shape],
      unknownKeys: 'strip',
      catchall: [ZodNever],
      typeName: 'ZodObject'
    },
    parse: [Function: bound parse],
    safeParse: [Function: bound safeParse],
    parseAsync: [Function: bound parseAsync] AsyncFunction,
    safeParseAsync: [Function: bound safeParseAsync] AsyncFunction,
    refine: [Function: bound refine],
    refinement: [Function: bound refinement],
    superRefine: [Function: bound superRefine],
    optional: [Function: bound optional],
    nullable: [Function: bound nullable],
    nullish: [Function: bound nullish],
    array: [Function: bound array],
    promise: [Function: bound promise],
    or: [Function: bound or],
    and: [Function: bound and],
    transform: [Function: bound transform],
    brand: [Function: bound brand],
    default: [Function: bound default],
    catch: [Function: bound catch],
    describe: [Function: bound describe],
    pipe: [Function: bound pipe],
    readonly: [Function: bound readonly],
    isNullable: [Function: bound isNullable],
    isOptional: [Function: bound isOptional],
    '~standard': { version: 1, vendor: 'zod', validate: [Function: validate] },
    _cached: { shape: [Object], keys: [Array] },
    nonstrict: [Function: passthrough],
    augment: [Function: extend]
  },
  sample: { locate: { prompt: 'the "Submit" button' } },
  call: [AsyncFunction: call]
}
[2026-09-03T16:19:20.141+08:00] locateFields [ 'locate' ]
[2026-09-03T16:19:28.109+08:00] actionInActionSpace matched {
  name: 'Tap',
  description: 'Tap the element',
  interfaceAlias: 'aiTap',
  paramSchema: ZodObject {
    spa: [Function: bound safeParseAsync] AsyncFunction,
    _def: {
      shape: [Function: shape],
      unknownKeys: 'strip',
      catchall: [ZodNever],
      typeName: 'ZodObject'
    },
    parse: [Function: bound parse],
    safeParse: [Function: bound safeParse],
    parseAsync: [Function: bound parseAsync] AsyncFunction,
    safeParseAsync: [Function: bound safeParseAsync] AsyncFunction,
    refine: [Function: bound refine],
    refinement: [Function: bound refinement],
    superRefine: [Function: bound superRefine],
    optional: [Function: bound optional],
    nullable: [Function: bound nullable],
    nullish: [Function: bound nullish],
    array: [Function: bound array],
    promise: [Function: bound promise],
    or: [Function: bound or],
    and: [Function: bound and],
    transform: [Function: bound transform],
    brand: [Function: bound brand],
    default: [Function: bound default],
    catch: [Function: bound catch],
    describe: [Function: bound describe],
    pipe: [Function: bound pipe],
    readonly: [Function: bound readonly],
    isNullable: [Function: bound isNullable],
    isOptional: [Function: bound isOptional],
    '~standard': { version: 1, vendor: 'zod', validate: [Function: validate] },
    _cached: { shape: [Object], keys: [Array] },
    nonstrict: [Function: passthrough],
    augment: [Function: extend]
  },
  sample: { locate: { prompt: 'the "Submit" button' } },
  call: [AsyncFunction: call]
}
[2026-09-03T16:19:28.109+08:00] locateFields [ 'locate' ]
[2026-09-03T16:19:37.780+08:00] task completed via <complete> tag, stop planning
[2026-09-03T16:20:40.318+08:00] actionInActionSpace matched {
  name: 'Scroll',
  description: 'Scroll the page or a scrollable element to browse content. This is the preferred way to scroll on all platforms, including mobile. Supports scrollToBottom/scrollToTop for boundary navigation. Default: direction `down`, scrollType `singleAction`, distance `null`.',
  interfaceAlias: 'aiScroll',
  paramSchema: ZodObject {
    spa: [Function: bound safeParseAsync] AsyncFunction,
    _def: {
      shape: [Function: shape],
      unknownKeys: 'strip',
      catchall: [ZodNever],
      typeName: 'ZodObject'
    },
    parse: [Function: bound parse],
    safeParse: [Function: bound safeParse],
    parseAsync: [Function: bound parseAsync] AsyncFunction,
    safeParseAsync: [Function: bound safeParseAsync] AsyncFunction,
    refine: [Function: bound refine],
    refinement: [Function: bound refinement],
    superRefine: [Function: bound superRefine],
    optional: [Function: bound optional],
    nullable: [Function: bound nullable],
    nullish: [Function: bound nullish],
    array: [Function: bound array],
    promise: [Function: bound promise],
    or: [Function: bound or],
    and: [Function: bound and],
    transform: [Function: bound transform],
    brand: [Function: bound brand],
    default: [Function: bound default],
    catch: [Function: bound catch],
    describe: [Function: bound describe],
    pipe: [Function: bound pipe],
    readonly: [Function: bound readonly],
    isNullable: [Function: bound isNullable],
    isOptional: [Function: bound isOptional],
    '~standard': { version: 1, vendor: 'zod', validate: [Function: validate] },
    _cached: null,
    nonstrict: [Function: passthrough],
    augment: [Function: extend]
  },
  sample: {
    direction: 'down',
    scrollType: 'singleAction',
    locate: { prompt: 'the center of the product list area' }
  },
  call: [AsyncFunction: call]
}
[2026-09-03T16:20:40.319+08:00] locateFields [ 'locate' ]
[2026-09-03T16:20:48.407+08:00] task completed via <complete> tag, stop planning
[2026-09-03T16:21:11.991+08:00] actionInActionSpace matched {
  name: 'Tap',
  description: 'Tap the element',
  interfaceAlias: 'aiTap',
  paramSchema: ZodObject {
    spa: [Function: bound safeParseAsync] AsyncFunction,
    _def: {
      shape: [Function: shape],
      unknownKeys: 'strip',
      catchall: [ZodNever],
      typeName: 'ZodObject'
    },
    parse: [Function: bound parse],
    safeParse: [Function: bound safeParse],
    parseAsync: [Function: bound parseAsync] AsyncFunction,
    safeParseAsync: [Function: bound safeParseAsync] AsyncFunction,
    refine: [Function: bound refine],
    refinement: [Function: bound refinement],
    superRefine: [Function: bound superRefine],
    optional: [Function: bound optional],
    nullable: [Function: bound nullable],
    nullish: [Function: bound nullish],
    array: [Function: bound array],
    promise: [Function: bound promise],
    or: [Function: bound or],
    and: [Function: bound and],
    transform: [Function: bound transform],
    brand: [Function: bound brand],
    default: [Function: bound default],
    catch: [Function: bound catch],
    describe: [Function: bound describe],
    pipe: [Function: bound pipe],
    readonly: [Function: bound readonly],
    isNullable: [Function: bound isNullable],
    isOptional: [Function: bound isOptional],
    '~standard': { version: 1, vendor: 'zod', validate: [Function: validate] },
    _cached: null,
    nonstrict: [Function: passthrough],
    augment: [Function: extend]
  },
  sample: { locate: { prompt: 'the "Submit" button' } },
  call: [AsyncFunction: call]
}
[2026-09-03T16:21:11.992+08:00] locateFields [ 'locate' ]
[2026-09-03T16:21:19.934+08:00] actionInActionSpace matched {
  name: 'Tap',
  description: 'Tap the element',
  interfaceAlias: 'aiTap',
  paramSchema: ZodObject {
    spa: [Function: bound safeParseAsync] AsyncFunction,
    _def: {
      shape: [Function: shape],
      unknownKeys: 'strip',
      catchall: [ZodNever],
      typeName: 'ZodObject'
    },
    parse: [Function: bound parse],
    safeParse: [Function: bound safeParse],
    parseAsync: [Function: bound parseAsync] AsyncFunction,
    safeParseAsync: [Function: bound safeParseAsync] AsyncFunction,
    refine: [Function: bound refine],
    refinement: [Function: bound refinement],
    superRefine: [Function: bound superRefine],
    optional: [Function: bound optional],
    nullable: [Function: bound nullable],
    nullish: [Function: bound nullish],
    array: [Function: bound array],
    promise: [Function: bound promise],
    or: [Function: bound or],
    and: [Function: bound and],
    transform: [Function: bound transform],
    brand: [Function: bound brand],
    default: [Function: bound default],
    catch: [Function: bound catch],
    describe: [Function: bound describe],
    pipe: [Function: bound pipe],
    readonly: [Function: bound readonly],
    isNullable: [Function: bound isNullable],
    isOptional: [Function: bound isOptional],
    '~standard': { version: 1, vendor: 'zod', validate: [Function: validate] },
    _cached: { shape: [Object], keys: [Array] },
    nonstrict: [Function: passthrough],
    augment: [Function: extend]
  },
  sample: { locate: { prompt: 'the "Submit" button' } },
  call: [AsyncFunction: call]
}
[2026-09-03T16:21:19.934+08:00] locateFields [ 'locate' ]
[2026-09-03T16:21:27.365+08:00] actionInActionSpace matched {
  name: 'Tap',
  description: 'Tap the element',
  interfaceAlias: 'aiTap',
  paramSchema: ZodObject {
    spa: [Function: bound safeParseAsync] AsyncFunction,
    _def: {
      shape: [Function: shape],
      unknownKeys: 'strip',
      catchall: [ZodNever],
      typeName: 'ZodObject'
    },
    parse: [Function: bound parse],
    safeParse: [Function: bound safeParse],
    parseAsync: [Function: bound parseAsync] AsyncFunction,
    safeParseAsync: [Function: bound safeParseAsync] AsyncFunction,
    refine: [Function: bound refine],
    refinement: [Function: bound refinement],
    superRefine: [Function: bound superRefine],
    optional: [Function: bound optional],
    nullable: [Function: bound nullable],
    nullish: [Function: bound nullish],
    array: [Function: bound array],
    promise: [Function: bound promise],
    or: [Function: bound or],
    and: [Function: bound and],
    transform: [Function: bound transform],
    brand: [Function: bound brand],
    default: [Function: bound default],
    catch: [Function: bound catch],
    describe: [Function: bound describe],
    pipe: [Function: bound pipe],
    readonly: [Function: bound readonly],
    isNullable: [Function: bound isNullable],
    isOptional: [Function: bound isOptional],
    '~standard': { version: 1, vendor: 'zod', validate: [Function: validate] },
    _cached: { shape: [Object], keys: [Array] },
    nonstrict: [Function: passthrough],
    augment: [Function: extend]
  },
  sample: { locate: { prompt: 'the "Submit" button' } },
  call: [AsyncFunction: call]
}
[2026-09-03T16:21:27.365+08:00] locateFields [ 'locate' ]
[2026-09-03T16:21:34.287+08:00] task completed via <complete> tag, stop planning
[2026-09-03T16:22:04.811+08:00] actionInActionSpace matched {
  name: 'Scroll',
  description: 'Scroll the page or a scrollable element to browse content. This is the preferred way to scroll on all platforms, including mobile. Supports scrollToBottom/scrollToTop for boundary navigation. Default: direction `down`, scrollType `singleAction`, distance `null`.',
  interfaceAlias: 'aiScroll',
  paramSchema: ZodObject {
    spa: [Function: bound safeParseAsync] AsyncFunction,
    _def: {
      shape: [Function: shape],
      unknownKeys: 'strip',
      catchall: [ZodNever],
      typeName: 'ZodObject'
    },
    parse: [Function: bound parse],
    safeParse: [Function: bound safeParse],
    parseAsync: [Function: bound parseAsync] AsyncFunction,
    safeParseAsync: [Function: bound safeParseAsync] AsyncFunction,
    refine: [Function: bound refine],
    refinement: [Function: bound refinement],
    superRefine: [Function: bound superRefine],
    optional: [Function: bound optional],
    nullable: [Function: bound nullable],
    nullish: [Function: bound nullish],
    array: [Function: bound array],
    promise: [Function: bound promise],
    or: [Function: bound or],
    and: [Function: bound and],
    transform: [Function: bound transform],
    brand: [Function: bound brand],
    default: [Function: bound default],
    catch: [Function: bound catch],
    describe: [Function: bound describe],
    pipe: [Function: bound pipe],
    readonly: [Function: bound readonly],
    isNullable: [Function: bound isNullable],
    isOptional: [Function: bound isOptional],
    '~standard': { version: 1, vendor: 'zod', validate: [Function: validate] },
    _cached: null,
    nonstrict: [Function: passthrough],
    augment: [Function: extend]
  },
  sample: {
    direction: 'down',
    scrollType: 'singleAction',
    locate: { prompt: 'the center of the product list area' }
  },
  call: [AsyncFunction: call]
}
[2026-09-03T16:22:04.811+08:00] locateFields [ 'locate' ]
[2026-09-03T16:22:12.389+08:00] task completed via <complete> tag, stop planning
[2026-09-03T16:22:41.626+08:00] actionInActionSpace matched {
  name: 'Scroll',
  description: 'Scroll the page or a scrollable element to browse content. This is the preferred way to scroll on all platforms, including mobile. Supports scrollToBottom/scrollToTop for boundary navigation. Default: direction `down`, scrollType `singleAction`, distance `null`.',
  interfaceAlias: 'aiScroll',
  paramSchema: ZodObject {
    spa: [Function: bound safeParseAsync] AsyncFunction,
    _def: {
      shape: [Function: shape],
      unknownKeys: 'strip',
      catchall: [ZodNever],
      typeName: 'ZodObject'
    },
    parse: [Function: bound parse],
    safeParse: [Function: bound safeParse],
    parseAsync: [Function: bound parseAsync] AsyncFunction,
    safeParseAsync: [Function: bound safeParseAsync] AsyncFunction,
    refine: [Function: bound refine],
    refinement: [Function: bound refinement],
    superRefine: [Function: bound superRefine],
    optional: [Function: bound optional],
    nullable: [Function: bound nullable],
    nullish: [Function: bound nullish],
    array: [Function: bound array],
    promise: [Function: bound promise],
    or: [Function: bound or],
    and: [Function: bound and],
    transform: [Function: bound transform],
    brand: [Function: bound brand],
    default: [Function: bound default],
    catch: [Function: bound catch],
    describe: [Function: bound describe],
    pipe: [Function: bound pipe],
    readonly: [Function: bound readonly],
    isNullable: [Function: bound isNullable],
    isOptional: [Function: bound isOptional],
    '~standard': { version: 1, vendor: 'zod', validate: [Function: validate] },
    _cached: null,
    nonstrict: [Function: passthrough],
    augment: [Function: extend]
  },
  sample: {
    direction: 'down',
    scrollType: 'singleAction',
    locate: { prompt: 'the center of the product list area' }
  },
  call: [AsyncFunction: call]
}
[2026-09-03T16:22:41.626+08:00] locateFields [ 'locate' ]
[2026-09-03T16:22:47.463+08:00] actionInActionSpace matched {
  name: 'Scroll',
  description: 'Scroll the page or a scrollable element to browse content. This is the preferred way to scroll on all platforms, including mobile. Supports scrollToBottom/scrollToTop for boundary navigation. Default: direction `down`, scrollType `singleAction`, distance `null`.',
  interfaceAlias: 'aiScroll',
  paramSchema: ZodObject {
    spa: [Function: bound safeParseAsync] AsyncFunction,
    _def: {
      shape: [Function: shape],
      unknownKeys: 'strip',
      catchall: [ZodNever],
      typeName: 'ZodObject'
    },
    parse: [Function: bound parse],
    safeParse: [Function: bound safeParse],
    parseAsync: [Function: bound parseAsync] AsyncFunction,
    safeParseAsync: [Function: bound safeParseAsync] AsyncFunction,
    refine: [Function: bound refine],
    refinement: [Function: bound refinement],
    superRefine: [Function: bound superRefine],
    optional: [Function: bound optional],
    nullable: [Function: bound nullable],
    nullish: [Function: bound nullish],
    array: [Function: bound array],
    promise: [Function: bound promise],
    or: [Function: bound or],
    and: [Function: bound and],
    transform: [Function: bound transform],
    brand: [Function: bound brand],
    default: [Function: bound default],
    catch: [Function: bound catch],
    describe: [Function: bound describe],
    pipe: [Function: bound pipe],
    readonly: [Function: bound readonly],
    isNullable: [Function: bound isNullable],
    isOptional: [Function: bound isOptional],
    '~standard': { version: 1, vendor: 'zod', validate: [Function: validate] },
    _cached: { shape: [Object], keys: [Array] },
    nonstrict: [Function: passthrough],
    augment: [Function: extend]
  },
  sample: {
    direction: 'down',
    scrollType: 'singleAction',
    locate: { prompt: 'the center of the product list area' }
  },
  call: [AsyncFunction: call]
}
[2026-09-03T16:22:47.463+08:00] locateFields [ 'locate' ]
[2026-09-03T16:22:54.814+08:00] actionInActionSpace matched {
  name: 'Scroll',
  description: 'Scroll the page or a scrollable element to browse content. This is the preferred way to scroll on all platforms, including mobile. Supports scrollToBottom/scrollToTop for boundary navigation. Default: direction `down`, scrollType `singleAction`, distance `null`.',
  interfaceAlias: 'aiScroll',
  paramSchema: ZodObject {
    spa: [Function: bound safeParseAsync] AsyncFunction,
    _def: {
      shape: [Function: shape],
      unknownKeys: 'strip',
      catchall: [ZodNever],
      typeName: 'ZodObject'
    },
    parse: [Function: bound parse],
    safeParse: [Function: bound safeParse],
    parseAsync: [Function: bound parseAsync] AsyncFunction,
    safeParseAsync: [Function: bound safeParseAsync] AsyncFunction,
    refine: [Function: bound refine],
    refinement: [Function: bound refinement],
    superRefine: [Function: bound superRefine],
    optional: [Function: bound optional],
    nullable: [Function: bound nullable],
    nullish: [Function: bound nullish],
    array: [Function: bound array],
    promise: [Function: bound promise],
    or: [Function: bound or],
    and: [Function: bound and],
    transform: [Function: bound transform],
    brand: [Function: bound brand],
    default: [Function: bound default],
    catch: [Function: bound catch],
    describe: [Function: bound describe],
    pipe: [Function: bound pipe],
    readonly: [Function: bound readonly],
    isNullable: [Function: bound isNullable],
    isOptional: [Function: bound isOptional],
    '~standard': { version: 1, vendor: 'zod', validate: [Function: validate] },
    _cached: { shape: [Object], keys: [Array] },
    nonstrict: [Function: passthrough],
    augment: [Function: extend]
  },
  sample: {
    direction: 'down',
    scrollType: 'singleAction',
    locate: { prompt: 'the center of the product list area' }
  },
  call: [AsyncFunction: call]
}
[2026-09-03T16:22:54.815+08:00] locateFields [ 'locate' ]
[2026-09-03T16:23:00.304+08:00] actionInActionSpace matched {
  name: 'Tap',
  description: 'Tap the element',
  interfaceAlias: 'aiTap',
  paramSchema: ZodObject {
    spa: [Function: bound safeParseAsync] AsyncFunction,
    _def: {
      shape: [Function: shape],
      unknownKeys: 'strip',
      catchall: [ZodNever],
      typeName: 'ZodObject'
    },
    parse: [Function: bound parse],
    safeParse: [Function: bound safeParse],
    parseAsync: [Function: bound parseAsync] AsyncFunction,
    safeParseAsync: [Function: bound safeParseAsync] AsyncFunction,
    refine: [Function: bound refine],
    refinement: [Function: bound refinement],
    superRefine: [Function: bound superRefine],
    optional: [Function: bound optional],
    nullable: [Function: bound nullable],
    nullish: [Function: bound nullish],
    array: [Function: bound array],
    promise: [Function: bound promise],
    or: [Function: bound or],
    and: [Function: bound and],
    transform: [Function: bound transform],
    brand: [Function: bound brand],
    default: [Function: bound default],
    catch: [Function: bound catch],
    describe: [Function: bound describe],
    pipe: [Function: bound pipe],
    readonly: [Function: bound readonly],
    isNullable: [Function: bound isNullable],
    isOptional: [Function: bound isOptional],
    '~standard': { version: 1, vendor: 'zod', validate: [Function: validate] },
    _cached: null,
    nonstrict: [Function: passthrough],
    augment: [Function: extend]
  },
  sample: { locate: { prompt: 'the "Submit" button' } },
  call: [AsyncFunction: call]
}
[2026-09-03T16:23:00.304+08:00] locateFields [ 'locate' ]
[2026-09-03T16:23:06.482+08:00] task completed via <complete> tag, stop planning
[2026-09-03T16:23:40.513+08:00] actionInActionSpace matched {
  name: 'Scroll',
  description: 'Scroll the page or a scrollable element to browse content. This is the preferred way to scroll on all platforms, including mobile. Supports scrollToBottom/scrollToTop for boundary navigation. Default: direction `down`, scrollType `singleAction`, distance `null`.',
  interfaceAlias: 'aiScroll',
  paramSchema: ZodObject {
    spa: [Function: bound safeParseAsync] AsyncFunction,
    _def: {
      shape: [Function: shape],
      unknownKeys: 'strip',
      catchall: [ZodNever],
      typeName: 'ZodObject'
    },
    parse: [Function: bound parse],
    safeParse: [Function: bound safeParse],
    parseAsync: [Function: bound parseAsync] AsyncFunction,
    safeParseAsync: [Function: bound safeParseAsync] AsyncFunction,
    refine: [Function: bound refine],
    refinement: [Function: bound refinement],
    superRefine: [Function: bound superRefine],
    optional: [Function: bound optional],
    nullable: [Function: bound nullable],
    nullish: [Function: bound nullish],
    array: [Function: bound array],
    promise: [Function: bound promise],
    or: [Function: bound or],
    and: [Function: bound and],
    transform: [Function: bound transform],
    brand: [Function: bound brand],
    default: [Function: bound default],
    catch: [Function: bound catch],
    describe: [Function: bound describe],
    pipe: [Function: bound pipe],
    readonly: [Function: bound readonly],
    isNullable: [Function: bound isNullable],
    isOptional: [Function: bound isOptional],
    '~standard': { version: 1, vendor: 'zod', validate: [Function: validate] },
    _cached: null,
    nonstrict: [Function: passthrough],
    augment: [Function: extend]
  },
  sample: {
    direction: 'down',
    scrollType: 'singleAction',
    locate: { prompt: 'the center of the product list area' }
  },
  call: [AsyncFunction: call]
}
[2026-09-03T16:23:40.513+08:00] locateFields [ 'locate' ]
[2026-09-03T16:23:49.647+08:00] actionInActionSpace matched {
  name: 'Tap',
  description: 'Tap the element',
  interfaceAlias: 'aiTap',
  paramSchema: ZodObject {
    spa: [Function: bound safeParseAsync] AsyncFunction,
    _def: {
      shape: [Function: shape],
      unknownKeys: 'strip',
      catchall: [ZodNever],
      typeName: 'ZodObject'
    },
    parse: [Function: bound parse],
    safeParse: [Function: bound safeParse],
    parseAsync: [Function: bound parseAsync] AsyncFunction,
    safeParseAsync: [Function: bound safeParseAsync] AsyncFunction,
    refine: [Function: bound refine],
    refinement: [Function: bound refinement],
    superRefine: [Function: bound superRefine],
    optional: [Function: bound optional],
    nullable: [Function: bound nullable],
    nullish: [Function: bound nullish],
    array: [Function: bound array],
    promise: [Function: bound promise],
    or: [Function: bound or],
    and: [Function: bound and],
    transform: [Function: bound transform],
    brand: [Function: bound brand],
    default: [Function: bound default],
    catch: [Function: bound catch],
    describe: [Function: bound describe],
    pipe: [Function: bound pipe],
    readonly: [Function: bound readonly],
    isNullable: [Function: bound isNullable],
    isOptional: [Function: bound isOptional],
    '~standard': { version: 1, vendor: 'zod', validate: [Function: validate] },
    _cached: null,
    nonstrict: [Function: passthrough],
    augment: [Function: extend]
  },
  sample: { locate: { prompt: 'the "Submit" button' } },
  call: [AsyncFunction: call]
}
[2026-09-03T16:23:49.647+08:00] locateFields [ 'locate' ]
[2026-09-03T16:23:57.488+08:00] actionInActionSpace matched {
  name: 'Tap',
  description: 'Tap the element',
  interfaceAlias: 'aiTap',
  paramSchema: ZodObject {
    spa: [Function: bound safeParseAsync] AsyncFunction,
    _def: {
      shape: [Function: shape],
      unknownKeys: 'strip',
      catchall: [ZodNever],
      typeName: 'ZodObject'
    },
    parse: [Function: bound parse],
    safeParse: [Function: bound safeParse],
    parseAsync: [Function: bound parseAsync] AsyncFunction,
    safeParseAsync: [Function: bound safeParseAsync] AsyncFunction,
    refine: [Function: bound refine],
    refinement: [Function: bound refinement],
    superRefine: [Function: bound superRefine],
    optional: [Function: bound optional],
    nullable: [Function: bound nullable],
    nullish: [Function: bound nullish],
    array: [Function: bound array],
    promise: [Function: bound promise],
    or: [Function: bound or],
    and: [Function: bound and],
    transform: [Function: bound transform],
    brand: [Function: bound brand],
    default: [Function: bound default],
    catch: [Function: bound catch],
    describe: [Function: bound describe],
    pipe: [Function: bound pipe],
    readonly: [Function: bound readonly],
    isNullable: [Function: bound isNullable],
    isOptional: [Function: bound isOptional],
    '~standard': { version: 1, vendor: 'zod', validate: [Function: validate] },
    _cached: { shape: [Object], keys: [Array] },
    nonstrict: [Function: passthrough],
    augment: [Function: extend]
  },
  sample: { locate: { prompt: 'the "Submit" button' } },
  call: [AsyncFunction: call]
}
[2026-09-03T16:23:57.488+08:00] locateFields [ 'locate' ]
[2026-09-03T16:24:06.380+08:00] actionInActionSpace matched {
  name: 'Tap',
  description: 'Tap the element',
  interfaceAlias: 'aiTap',
  paramSchema: ZodObject {
    spa: [Function: bound safeParseAsync] AsyncFunction,
    _def: {
      shape: [Function: shape],
      unknownKeys: 'strip',
      catchall: [ZodNever],
      typeName: 'ZodObject'
    },
    parse: [Function: bound parse],
    safeParse: [Function: bound safeParse],
    parseAsync: [Function: bound parseAsync] AsyncFunction,
    safeParseAsync: [Function: bound safeParseAsync] AsyncFunction,
    refine: [Function: bound refine],
    refinement: [Function: bound refinement],
    superRefine: [Function: bound superRefine],
    optional: [Function: bound optional],
    nullable: [Function: bound nullable],
    nullish: [Function: bound nullish],
    array: [Function: bound array],
    promise: [Function: bound promise],
    or: [Function: bound or],
    and: [Function: bound and],
    transform: [Function: bound transform],
    brand: [Function: bound brand],
    default: [Function: bound default],
    catch: [Function: bound catch],
    describe: [Function: bound describe],
    pipe: [Function: bound pipe],
    readonly: [Function: bound readonly],
    isNullable: [Function: bound isNullable],
    isOptional: [Function: bound isOptional],
    '~standard': { version: 1, vendor: 'zod', validate: [Function: validate] },
    _cached: { shape: [Object], keys: [Array] },
    nonstrict: [Function: passthrough],
    augment: [Function: extend]
  },
  sample: { locate: { prompt: 'the "Submit" button' } },
  call: [AsyncFunction: call]
}
[2026-09-03T16:24:06.380+08:00] locateFields [ 'locate' ]
[2026-09-03T16:24:12.906+08:00] actionInActionSpace matched {
  name: 'Tap',
  description: 'Tap the element',
  interfaceAlias: 'aiTap',
  paramSchema: ZodObject {
    spa: [Function: bound safeParseAsync] AsyncFunction,
    _def: {
      shape: [Function: shape],
      unknownKeys: 'strip',
      catchall: [ZodNever],
      typeName: 'ZodObject'
    },
    parse: [Function: bound parse],
    safeParse: [Function: bound safeParse],
    parseAsync: [Function: bound parseAsync] AsyncFunction,
    safeParseAsync: [Function: bound safeParseAsync] AsyncFunction,
    refine: [Function: bound refine],
    refinement: [Function: bound refinement],
    superRefine: [Function: bound superRefine],
    optional: [Function: bound optional],
    nullable: [Function: bound nullable],
    nullish: [Function: bound nullish],
    array: [Function: bound array],
    promise: [Function: bound promise],
    or: [Function: bound or],
    and: [Function: bound and],
    transform: [Function: bound transform],
    brand: [Function: bound brand],
    default: [Function: bound default],
    catch: [Function: bound catch],
    describe: [Function: bound describe],
    pipe: [Function: bound pipe],
    readonly: [Function: bound readonly],
    isNullable: [Function: bound isNullable],
    isOptional: [Function: bound isOptional],
    '~standard': { version: 1, vendor: 'zod', validate: [Function: validate] },
    _cached: { shape: [Object], keys: [Array] },
    nonstrict: [Function: passthrough],
    augment: [Function: extend]
  },
  sample: { locate: { prompt: 'the "Submit" button' } },
  call: [AsyncFunction: call]
}
[2026-09-03T16:24:12.906+08:00] locateFields [ 'locate' ]
[2026-09-03T16:24:20.221+08:00] actionInActionSpace matched {
  name: 'Tap',
  description: 'Tap the element',
  interfaceAlias: 'aiTap',
  paramSchema: ZodObject {
    spa: [Function: bound safeParseAsync] AsyncFunction,
    _def: {
      shape: [Function: shape],
      unknownKeys: 'strip',
      catchall: [ZodNever],
      typeName: 'ZodObject'
    },
    parse: [Function: bound parse],
    safeParse: [Function: bound safeParse],
    parseAsync: [Function: bound parseAsync] AsyncFunction,
    safeParseAsync: [Function: bound safeParseAsync] AsyncFunction,
    refine: [Function: bound refine],
    refinement: [Function: bound refinement],
    superRefine: [Function: bound superRefine],
    optional: [Function: bound optional],
    nullable: [Function: bound nullable],
    nullish: [Function: bound nullish],
    array: [Function: bound array],
    promise: [Function: bound promise],
    or: [Function: bound or],
    and: [Function: bound and],
    transform: [Function: bound transform],
    brand: [Function: bound brand],
    default: [Function: bound default],
    catch: [Function: bound catch],
    describe: [Function: bound describe],
    pipe: [Function: bound pipe],
    readonly: [Function: bound readonly],
    isNullable: [Function: bound isNullable],
    isOptional: [Function: bound isOptional],
    '~standard': { version: 1, vendor: 'zod', validate: [Function: validate] },
    _cached: { shape: [Object], keys: [Array] },
    nonstrict: [Function: passthrough],
    augment: [Function: extend]
  },
  sample: { locate: { prompt: 'the "Submit" button' } },
  call: [AsyncFunction: call]
}
[2026-09-03T16:24:20.222+08:00] locateFields [ 'locate' ]
[2026-09-03T16:24:28.543+08:00] actionInActionSpace matched {
  name: 'Tap',
  description: 'Tap the element',
  interfaceAlias: 'aiTap',
  paramSchema: ZodObject {
    spa: [Function: bound safeParseAsync] AsyncFunction,
    _def: {
      shape: [Function: shape],
      unknownKeys: 'strip',
      catchall: [ZodNever],
      typeName: 'ZodObject'
    },
    parse: [Function: bound parse],
    safeParse: [Function: bound safeParse],
    parseAsync: [Function: bound parseAsync] AsyncFunction,
    safeParseAsync: [Function: bound safeParseAsync] AsyncFunction,
    refine: [Function: bound refine],
    refinement: [Function: bound refinement],
    superRefine: [Function: bound superRefine],
    optional: [Function: bound optional],
    nullable: [Function: bound nullable],
    nullish: [Function: bound nullish],
    array: [Function: bound array],
    promise: [Function: bound promise],
    or: [Function: bound or],
    and: [Function: bound and],
    transform: [Function: bound transform],
    brand: [Function: bound brand],
    default: [Function: bound default],
    catch: [Function: bound catch],
    describe: [Function: bound describe],
    pipe: [Function: bound pipe],
    readonly: [Function: bound readonly],
    isNullable: [Function: bound isNullable],
    isOptional: [Function: bound isOptional],
    '~standard': { version: 1, vendor: 'zod', validate: [Function: validate] },
    _cached: { shape: [Object], keys: [Array] },
    nonstrict: [Function: passthrough],
    augment: [Function: extend]
  },
  sample: { locate: { prompt: 'the "Submit" button' } },
  call: [AsyncFunction: call]
}
[2026-09-03T16:24:28.544+08:00] locateFields [ 'locate' ]
[2026-09-03T16:24:36.797+08:00] task completed via <complete> tag, stop planning
[2026-09-03T16:25:23.757+08:00] actionInActionSpace matched {
  name: 'Scroll',
  description: 'Scroll the page or a scrollable element to browse content. This is the preferred way to scroll on all platforms, including mobile. Supports scrollToBottom/scrollToTop for boundary navigation. Default: direction `down`, scrollType `singleAction`, distance `null`.',
  interfaceAlias: 'aiScroll',
  paramSchema: ZodObject {
    spa: [Function: bound safeParseAsync] AsyncFunction,
    _def: {
      shape: [Function: shape],
      unknownKeys: 'strip',
      catchall: [ZodNever],
      typeName: 'ZodObject'
    },
    parse: [Function: bound parse],
    safeParse: [Function: bound safeParse],
    parseAsync: [Function: bound parseAsync] AsyncFunction,
    safeParseAsync: [Function: bound safeParseAsync] AsyncFunction,
    refine: [Function: bound refine],
    refinement: [Function: bound refinement],
    superRefine: [Function: bound superRefine],
    optional: [Function: bound optional],
    nullable: [Function: bound nullable],
    nullish: [Function: bound nullish],
    array: [Function: bound array],
    promise: [Function: bound promise],
    or: [Function: bound or],
    and: [Function: bound and],
    transform: [Function: bound transform],
    brand: [Function: bound brand],
    default: [Function: bound default],
    catch: [Function: bound catch],
    describe: [Function: bound describe],
    pipe: [Function: bound pipe],
    readonly: [Function: bound readonly],
    isNullable: [Function: bound isNullable],
    isOptional: [Function: bound isOptional],
    '~standard': { version: 1, vendor: 'zod', validate: [Function: validate] },
    _cached: null,
    nonstrict: [Function: passthrough],
    augment: [Function: extend]
  },
  sample: {
    direction: 'down',
    scrollType: 'singleAction',
    locate: { prompt: 'the center of the product list area' }
  },
  call: [AsyncFunction: call]
}
[2026-09-03T16:25:23.757+08:00] locateFields [ 'locate' ]
[2026-09-03T16:25:31.223+08:00] actionInActionSpace matched {
  name: 'Tap',
  description: 'Tap the element',
  interfaceAlias: 'aiTap',
  paramSchema: ZodObject {
    spa: [Function: bound safeParseAsync] AsyncFunction,
    _def: {
      shape: [Function: shape],
      unknownKeys: 'strip',
      catchall: [ZodNever],
      typeName: 'ZodObject'
    },
    parse: [Function: bound parse],
    safeParse: [Function: bound safeParse],
    parseAsync: [Function: bound parseAsync] AsyncFunction,
    safeParseAsync: [Function: bound safeParseAsync] AsyncFunction,
    refine: [Function: bound refine],
    refinement: [Function: bound refinement],
    superRefine: [Function: bound superRefine],
    optional: [Function: bound optional],
    nullable: [Function: bound nullable],
    nullish: [Function: bound nullish],
    array: [Function: bound array],
    promise: [Function: bound promise],
    or: [Function: bound or],
    and: [Function: bound and],
    transform: [Function: bound transform],
    brand: [Function: bound brand],
    default: [Function: bound default],
    catch: [Function: bound catch],
    describe: [Function: bound describe],
    pipe: [Function: bound pipe],
    readonly: [Function: bound readonly],
    isNullable: [Function: bound isNullable],
    isOptional: [Function: bound isOptional],
    '~standard': { version: 1, vendor: 'zod', validate: [Function: validate] },
    _cached: null,
    nonstrict: [Function: passthrough],
    augment: [Function: extend]
  },
  sample: { locate: { prompt: 'the "Submit" button' } },
  call: [AsyncFunction: call]
}
[2026-09-03T16:25:31.223+08:00] locateFields [ 'locate' ]
[2026-09-03T16:25:38.309+08:00] task completed via <complete> tag, stop planning
[2026-09-03T16:26:40.435+08:00] actionInActionSpace matched {
  name: 'Scroll',
  description: 'Scroll the page or a scrollable element to browse content. This is the preferred way to scroll on all platforms, including mobile. Supports scrollToBottom/scrollToTop for boundary navigation. Default: direction `down`, scrollType `singleAction`, distance `null`.',
  interfaceAlias: 'aiScroll',
  paramSchema: ZodObject {
    spa: [Function: bound safeParseAsync] AsyncFunction,
    _def: {
      shape: [Function: shape],
      unknownKeys: 'strip',
      catchall: [ZodNever],
      typeName: 'ZodObject'
    },
    parse: [Function: bound parse],
    safeParse: [Function: bound safeParse],
    parseAsync: [Function: bound parseAsync] AsyncFunction,
    safeParseAsync: [Function: bound safeParseAsync] AsyncFunction,
    refine: [Function: bound refine],
    refinement: [Function: bound refinement],
    superRefine: [Function: bound superRefine],
    optional: [Function: bound optional],
    nullable: [Function: bound nullable],
    nullish: [Function: bound nullish],
    array: [Function: bound array],
    promise: [Function: bound promise],
    or: [Function: bound or],
    and: [Function: bound and],
    transform: [Function: bound transform],
    brand: [Function: bound brand],
    default: [Function: bound default],
    catch: [Function: bound catch],
    describe: [Function: bound describe],
    pipe: [Function: bound pipe],
    readonly: [Function: bound readonly],
    isNullable: [Function: bound isNullable],
    isOptional: [Function: bound isOptional],
    '~standard': { version: 1, vendor: 'zod', validate: [Function: validate] },
    _cached: null,
    nonstrict: [Function: passthrough],
    augment: [Function: extend]
  },
  sample: {
    direction: 'down',
    scrollType: 'singleAction',
    locate: { prompt: 'the center of the product list area' }
  },
  call: [AsyncFunction: call]
}
[2026-09-03T16:26:40.435+08:00] locateFields [ 'locate' ]
[2026-09-03T16:26:49.039+08:00] task completed via <complete> tag, stop planning
[2026-09-03T16:27:32.105+08:00] actionInActionSpace matched {
  name: 'Scroll',
  description: 'Scroll the page or a scrollable element to browse content. This is the preferred way to scroll on all platforms, including mobile. Supports scrollToBottom/scrollToTop for boundary navigation. Default: direction `down`, scrollType `singleAction`, distance `null`.',
  interfaceAlias: 'aiScroll',
  paramSchema: ZodObject {
    spa: [Function: bound safeParseAsync] AsyncFunction,
    _def: {
      shape: [Function: shape],
      unknownKeys: 'strip',
      catchall: [ZodNever],
      typeName: 'ZodObject'
    },
    parse: [Function: bound parse],
    safeParse: [Function: bound safeParse],
    parseAsync: [Function: bound parseAsync] AsyncFunction,
    safeParseAsync: [Function: bound safeParseAsync] AsyncFunction,
    refine: [Function: bound refine],
    refinement: [Function: bound refinement],
    superRefine: [Function: bound superRefine],
    optional: [Function: bound optional],
    nullable: [Function: bound nullable],
    nullish: [Function: bound nullish],
    array: [Function: bound array],
    promise: [Function: bound promise],
    or: [Function: bound or],
    and: [Function: bound and],
    transform: [Function: bound transform],
    brand: [Function: bound brand],
    default: [Function: bound default],
    catch: [Function: bound catch],
    describe: [Function: bound describe],
    pipe: [Function: bound pipe],
    readonly: [Function: bound readonly],
    isNullable: [Function: bound isNullable],
    isOptional: [Function: bound isOptional],
    '~standard': { version: 1, vendor: 'zod', validate: [Function: validate] },
    _cached: null,
    nonstrict: [Function: passthrough],
    augment: [Function: extend]
  },
  sample: {
    direction: 'down',
    scrollType: 'singleAction',
    locate: { prompt: 'the center of the product list area' }
  },
  call: [AsyncFunction: call]
}
[2026-09-03T16:27:32.105+08:00] locateFields [ 'locate' ]
[2026-09-03T16:28:01.074+08:00] actionInActionSpace matched {
  name: 'DragAndDrop',
  description: 'Pick up a specific UI element and move it to a new position (e.g., reorder a card, move a file into a folder, sort list items). The element itself moves with your finger/mouse.',
  interfaceAlias: 'aiDragAndDrop',
  paramSchema: ZodObject {
    spa: [Function: bound safeParseAsync] AsyncFunction,
    _def: {
      shape: [Function: shape],
      unknownKeys: 'strip',
      catchall: [ZodNever],
      typeName: 'ZodObject'
    },
    parse: [Function: bound parse],
    safeParse: [Function: bound safeParse],
    parseAsync: [Function: bound parseAsync] AsyncFunction,
    safeParseAsync: [Function: bound safeParseAsync] AsyncFunction,
    refine: [Function: bound refine],
    refinement: [Function: bound refinement],
    superRefine: [Function: bound superRefine],
    optional: [Function: bound optional],
    nullable: [Function: bound nullable],
    nullish: [Function: bound nullish],
    array: [Function: bound array],
    promise: [Function: bound promise],
    or: [Function: bound or],
    and: [Function: bound and],
    transform: [Function: bound transform],
    brand: [Function: bound brand],
    default: [Function: bound default],
    catch: [Function: bound catch],
    describe: [Function: bound describe],
    pipe: [Function: bound pipe],
    readonly: [Function: bound readonly],
    isNullable: [Function: bound isNullable],
    isOptional: [Function: bound isOptional],
    '~standard': { version: 1, vendor: 'zod', validate: [Function: validate] },
    _cached: null,
    nonstrict: [Function: passthrough],
    augment: [Function: extend]
  },
  sample: {
    from: { prompt: 'the "report.pdf" file icon' },
    to: { prompt: 'the upload drop zone' }
  },
  call: [AsyncFunction: call]
}
[2026-09-03T16:28:01.074+08:00] locateFields [ 'from', 'to' ]
[2026-09-03T16:28:13.328+08:00] task completed via <complete> tag, stop planning
[2026-09-03T16:35:00.269+08:00] actionInActionSpace matched {
  name: 'Reload',
  description: 'Reload the current page',
  call: [AsyncFunction: call]
}
[2026-09-03T16:35:00.269+08:00] locateFields []
[2026-09-03T16:35:05.064+08:00] actionInActionSpace matched {
  name: 'Scroll',
  description: 'Scroll the page or a scrollable element to browse content. This is the preferred way to scroll on all platforms, including mobile. Supports scrollToBottom/scrollToTop for boundary navigation. Default: direction `down`, scrollType `singleAction`, distance `null`.',
  interfaceAlias: 'aiScroll',
  paramSchema: ZodObject {
    spa: [Function: bound safeParseAsync] AsyncFunction,
    _def: {
      shape: [Function: shape],
      unknownKeys: 'strip',
      catchall: [ZodNever],
      typeName: 'ZodObject'
    },
    parse: [Function: bound parse],
    safeParse: [Function: bound safeParse],
    parseAsync: [Function: bound parseAsync] AsyncFunction,
    safeParseAsync: [Function: bound safeParseAsync] AsyncFunction,
    refine: [Function: bound refine],
    refinement: [Function: bound refinement],
    superRefine: [Function: bound superRefine],
    optional: [Function: bound optional],
    nullable: [Function: bound nullable],
    nullish: [Function: bound nullish],
    array: [Function: bound array],
    promise: [Function: bound promise],
    or: [Function: bound or],
    and: [Function: bound and],
    transform: [Function: bound transform],
    brand: [Function: bound brand],
    default: [Function: bound default],
    catch: [Function: bound catch],
    describe: [Function: bound describe],
    pipe: [Function: bound pipe],
    readonly: [Function: bound readonly],
    isNullable: [Function: bound isNullable],
    isOptional: [Function: bound isOptional],
    '~standard': { version: 1, vendor: 'zod', validate: [Function: validate] },
    _cached: null,
    nonstrict: [Function: passthrough],
    augment: [Function: extend]
  },
  sample: {
    direction: 'down',
    scrollType: 'singleAction',
    locate: { prompt: 'the center of the product list area' }
  },
  call: [AsyncFunction: call]
}
[2026-09-03T16:35:05.064+08:00] locateFields [ 'locate' ]
[2026-09-03T16:35:09.592+08:00] actionInActionSpace matched {
  name: 'Scroll',
  description: 'Scroll the page or a scrollable element to browse content. This is the preferred way to scroll on all platforms, including mobile. Supports scrollToBottom/scrollToTop for boundary navigation. Default: direction `down`, scrollType `singleAction`, distance `null`.',
  interfaceAlias: 'aiScroll',
  paramSchema: ZodObject {
    spa: [Function: bound safeParseAsync] AsyncFunction,
    _def: {
      shape: [Function: shape],
      unknownKeys: 'strip',
      catchall: [ZodNever],
      typeName: 'ZodObject'
    },
    parse: [Function: bound parse],
    safeParse: [Function: bound safeParse],
    parseAsync: [Function: bound parseAsync] AsyncFunction,
    safeParseAsync: [Function: bound safeParseAsync] AsyncFunction,
    refine: [Function: bound refine],
    refinement: [Function: bound refinement],
    superRefine: [Function: bound superRefine],
    optional: [Function: bound optional],
    nullable: [Function: bound nullable],
    nullish: [Function: bound nullish],
    array: [Function: bound array],
    promise: [Function: bound promise],
    or: [Function: bound or],
    and: [Function: bound and],
    transform: [Function: bound transform],
    brand: [Function: bound brand],
    default: [Function: bound default],
    catch: [Function: bound catch],
    describe: [Function: bound describe],
    pipe: [Function: bound pipe],
    readonly: [Function: bound readonly],
    isNullable: [Function: bound isNullable],
    isOptional: [Function: bound isOptional],
    '~standard': { version: 1, vendor: 'zod', validate: [Function: validate] },
    _cached: { shape: [Object], keys: [Array] },
    nonstrict: [Function: passthrough],
    augment: [Function: extend]
  },
  sample: {
    direction: 'down',
    scrollType: 'singleAction',
    locate: { prompt: 'the center of the product list area' }
  },
  call: [AsyncFunction: call]
}
[2026-09-03T16:35:09.592+08:00] locateFields [ 'locate' ]
[2026-09-03T16:35:15.814+08:00] actionInActionSpace matched {
  name: 'Scroll',
  description: 'Scroll the page or a scrollable element to browse content. This is the preferred way to scroll on all platforms, including mobile. Supports scrollToBottom/scrollToTop for boundary navigation. Default: direction `down`, scrollType `singleAction`, distance `null`.',
  interfaceAlias: 'aiScroll',
  paramSchema: ZodObject {
    spa: [Function: bound safeParseAsync] AsyncFunction,
    _def: {
      shape: [Function: shape],
      unknownKeys: 'strip',
      catchall: [ZodNever],
      typeName: 'ZodObject'
    },
    parse: [Function: bound parse],
    safeParse: [Function: bound safeParse],
    parseAsync: [Function: bound parseAsync] AsyncFunction,
    safeParseAsync: [Function: bound safeParseAsync] AsyncFunction,
    refine: [Function: bound refine],
    refinement: [Function: bound refinement],
    superRefine: [Function: bound superRefine],
    optional: [Function: bound optional],
    nullable: [Function: bound nullable],
    nullish: [Function: bound nullish],
    array: [Function: bound array],
    promise: [Function: bound promise],
    or: [Function: bound or],
    and: [Function: bound and],
    transform: [Function: bound transform],
    brand: [Function: bound brand],
    default: [Function: bound default],
    catch: [Function: bound catch],
    describe: [Function: bound describe],
    pipe: [Function: bound pipe],
    readonly: [Function: bound readonly],
    isNullable: [Function: bound isNullable],
    isOptional: [Function: bound isOptional],
    '~standard': { version: 1, vendor: 'zod', validate: [Function: validate] },
    _cached: { shape: [Object], keys: [Array] },
    nonstrict: [Function: passthrough],
    augment: [Function: extend]
  },
  sample: {
    direction: 'down',
    scrollType: 'singleAction',
    locate: { prompt: 'the center of the product list area' }
  },
  call: [AsyncFunction: call]
}
[2026-09-03T16:35:15.814+08:00] locateFields [ 'locate' ]
[2026-09-03T16:35:21.394+08:00] actionInActionSpace matched {
  name: 'Tap',
  description: 'Tap the element',
  interfaceAlias: 'aiTap',
  paramSchema: ZodObject {
    spa: [Function: bound safeParseAsync] AsyncFunction,
    _def: {
      shape: [Function: shape],
      unknownKeys: 'strip',
      catchall: [ZodNever],
      typeName: 'ZodObject'
    },
    parse: [Function: bound parse],
    safeParse: [Function: bound safeParse],
    parseAsync: [Function: bound parseAsync] AsyncFunction,
    safeParseAsync: [Function: bound safeParseAsync] AsyncFunction,
    refine: [Function: bound refine],
    refinement: [Function: bound refinement],
    superRefine: [Function: bound superRefine],
    optional: [Function: bound optional],
    nullable: [Function: bound nullable],
    nullish: [Function: bound nullish],
    array: [Function: bound array],
    promise: [Function: bound promise],
    or: [Function: bound or],
    and: [Function: bound and],
    transform: [Function: bound transform],
    brand: [Function: bound brand],
    default: [Function: bound default],
    catch: [Function: bound catch],
    describe: [Function: bound describe],
    pipe: [Function: bound pipe],
    readonly: [Function: bound readonly],
    isNullable: [Function: bound isNullable],
    isOptional: [Function: bound isOptional],
    '~standard': { version: 1, vendor: 'zod', validate: [Function: validate] },
    _cached: null,
    nonstrict: [Function: passthrough],
    augment: [Function: extend]
  },
  sample: { locate: { prompt: 'the "Submit" button' } },
  call: [AsyncFunction: call]
}
[2026-09-03T16:35:21.394+08:00] locateFields [ 'locate' ]
[2026-09-03T16:35:35.733+08:00] actionInActionSpace matched {
  name: 'Scroll',
  description: 'Scroll the page or a scrollable element to browse content. This is the preferred way to scroll on all platforms, including mobile. Supports scrollToBottom/scrollToTop for boundary navigation. Default: direction `down`, scrollType `singleAction`, distance `null`.',
  interfaceAlias: 'aiScroll',
  paramSchema: ZodObject {
    spa: [Function: bound safeParseAsync] AsyncFunction,
    _def: {
      shape: [Function: shape],
      unknownKeys: 'strip',
      catchall: [ZodNever],
      typeName: 'ZodObject'
    },
    parse: [Function: bound parse],
    safeParse: [Function: bound safeParse],
    parseAsync: [Function: bound parseAsync] AsyncFunction,
    safeParseAsync: [Function: bound safeParseAsync] AsyncFunction,
    refine: [Function: bound refine],
    refinement: [Function: bound refinement],
    superRefine: [Function: bound superRefine],
    optional: [Function: bound optional],
    nullable: [Function: bound nullable],
    nullish: [Function: bound nullish],
    array: [Function: bound array],
    promise: [Function: bound promise],
    or: [Function: bound or],
    and: [Function: bound and],
    transform: [Function: bound transform],
    brand: [Function: bound brand],
    default: [Function: bound default],
    catch: [Function: bound catch],
    describe: [Function: bound describe],
    pipe: [Function: bound pipe],
    readonly: [Function: bound readonly],
    isNullable: [Function: bound isNullable],
    isOptional: [Function: bound isOptional],
    '~standard': { version: 1, vendor: 'zod', validate: [Function: validate] },
    _cached: { shape: [Object], keys: [Array] },
    nonstrict: [Function: passthrough],
    augment: [Function: extend]
  },
  sample: {
    direction: 'down',
    scrollType: 'singleAction',
    locate: { prompt: 'the center of the product list area' }
  },
  call: [AsyncFunction: call]
}
[2026-09-03T16:35:35.733+08:00] locateFields [ 'locate' ]
[2026-09-03T16:35:40.370+08:00] task completed via <complete> tag, stop planning
[2026-09-03T16:36:48.901+08:00] actionInActionSpace matched {
  name: 'Tap',
  description: 'Tap the element',
  interfaceAlias: 'aiTap',
  paramSchema: ZodObject {
    spa: [Function: bound safeParseAsync] AsyncFunction,
    _def: {
      shape: [Function: shape],
      unknownKeys: 'strip',
      catchall: [ZodNever],
      typeName: 'ZodObject'
    },
    parse: [Function: bound parse],
    safeParse: [Function: bound safeParse],
    parseAsync: [Function: bound parseAsync] AsyncFunction,
    safeParseAsync: [Function: bound safeParseAsync] AsyncFunction,
    refine: [Function: bound refine],
    refinement: [Function: bound refinement],
    superRefine: [Function: bound superRefine],
    optional: [Function: bound optional],
    nullable: [Function: bound nullable],
    nullish: [Function: bound nullish],
    array: [Function: bound array],
    promise: [Function: bound promise],
    or: [Function: bound or],
    and: [Function: bound and],
    transform: [Function: bound transform],
    brand: [Function: bound brand],
    default: [Function: bound default],
    catch: [Function: bound catch],
    describe: [Function: bound describe],
    pipe: [Function: bound pipe],
    readonly: [Function: bound readonly],
    isNullable: [Function: bound isNullable],
    isOptional: [Function: bound isOptional],
    '~standard': { version: 1, vendor: 'zod', validate: [Function: validate] },
    _cached: null,
    nonstrict: [Function: passthrough],
    augment: [Function: extend]
  },
  sample: { locate: { prompt: 'the "Submit" button' } },
  call: [AsyncFunction: call]
}
[2026-09-03T16:36:48.902+08:00] locateFields [ 'locate' ]
[2026-09-03T16:36:58.086+08:00] actionInActionSpace matched {
  name: 'Scroll',
  description: 'Scroll the page or a scrollable element to browse content. This is the preferred way to scroll on all platforms, including mobile. Supports scrollToBottom/scrollToTop for boundary navigation. Default: direction `down`, scrollType `singleAction`, distance `null`.',
  interfaceAlias: 'aiScroll',
  paramSchema: ZodObject {
    spa: [Function: bound safeParseAsync] AsyncFunction,
    _def: {
      shape: [Function: shape],
      unknownKeys: 'strip',
      catchall: [ZodNever],
      typeName: 'ZodObject'
    },
    parse: [Function: bound parse],
    safeParse: [Function: bound safeParse],
    parseAsync: [Function: bound parseAsync] AsyncFunction,
    safeParseAsync: [Function: bound safeParseAsync] AsyncFunction,
    refine: [Function: bound refine],
    refinement: [Function: bound refinement],
    superRefine: [Function: bound superRefine],
    optional: [Function: bound optional],
    nullable: [Function: bound nullable],
    nullish: [Function: bound nullish],
    array: [Function: bound array],
    promise: [Function: bound promise],
    or: [Function: bound or],
    and: [Function: bound and],
    transform: [Function: bound transform],
    brand: [Function: bound brand],
    default: [Function: bound default],
    catch: [Function: bound catch],
    describe: [Function: bound describe],
    pipe: [Function: bound pipe],
    readonly: [Function: bound readonly],
    isNullable: [Function: bound isNullable],
    isOptional: [Function: bound isOptional],
    '~standard': { version: 1, vendor: 'zod', validate: [Function: validate] },
    _cached: null,
    nonstrict: [Function: passthrough],
    augment: [Function: extend]
  },
  sample: {
    direction: 'down',
    scrollType: 'singleAction',
    locate: { prompt: 'the center of the product list area' }
  },
  call: [AsyncFunction: call]
}
[2026-09-03T16:36:58.086+08:00] locateFields [ 'locate' ]
[2026-09-03T16:37:04.556+08:00] task completed via <complete> tag, stop planning
[2026-09-03T16:37:44.476+08:00] actionInActionSpace matched {
  name: 'Scroll',
  description: 'Scroll the page or a scrollable element to browse content. This is the preferred way to scroll on all platforms, including mobile. Supports scrollToBottom/scrollToTop for boundary navigation. Default: direction `down`, scrollType `singleAction`, distance `null`.',
  interfaceAlias: 'aiScroll',
  paramSchema: ZodObject {
    spa: [Function: bound safeParseAsync] AsyncFunction,
    _def: {
      shape: [Function: shape],
      unknownKeys: 'strip',
      catchall: [ZodNever],
      typeName: 'ZodObject'
    },
    parse: [Function: bound parse],
    safeParse: [Function: bound safeParse],
    parseAsync: [Function: bound parseAsync] AsyncFunction,
    safeParseAsync: [Function: bound safeParseAsync] AsyncFunction,
    refine: [Function: bound refine],
    refinement: [Function: bound refinement],
    superRefine: [Function: bound superRefine],
    optional: [Function: bound optional],
    nullable: [Function: bound nullable],
    nullish: [Function: bound nullish],
    array: [Function: bound array],
    promise: [Function: bound promise],
    or: [Function: bound or],
    and: [Function: bound and],
    transform: [Function: bound transform],
    brand: [Function: bound brand],
    default: [Function: bound default],
    catch: [Function: bound catch],
    describe: [Function: bound describe],
    pipe: [Function: bound pipe],
    readonly: [Function: bound readonly],
    isNullable: [Function: bound isNullable],
    isOptional: [Function: bound isOptional],
    '~standard': { version: 1, vendor: 'zod', validate: [Function: validate] },
    _cached: null,
    nonstrict: [Function: passthrough],
    augment: [Function: extend]
  },
  sample: {
    direction: 'down',
    scrollType: 'singleAction',
    locate: { prompt: 'the center of the product list area' }
  },
  call: [AsyncFunction: call]
}
[2026-09-03T16:37:44.476+08:00] locateFields [ 'locate' ]
[2026-09-03T16:37:52.448+08:00] actionInActionSpace matched {
  name: 'Scroll',
  description: 'Scroll the page or a scrollable element to browse content. This is the preferred way to scroll on all platforms, including mobile. Supports scrollToBottom/scrollToTop for boundary navigation. Default: direction `down`, scrollType `singleAction`, distance `null`.',
  interfaceAlias: 'aiScroll',
  paramSchema: ZodObject {
    spa: [Function: bound safeParseAsync] AsyncFunction,
    _def: {
      shape: [Function: shape],
      unknownKeys: 'strip',
      catchall: [ZodNever],
      typeName: 'ZodObject'
    },
    parse: [Function: bound parse],
    safeParse: [Function: bound safeParse],
    parseAsync: [Function: bound parseAsync] AsyncFunction,
    safeParseAsync: [Function: bound safeParseAsync] AsyncFunction,
    refine: [Function: bound refine],
    refinement: [Function: bound refinement],
    superRefine: [Function: bound superRefine],
    optional: [Function: bound optional],
    nullable: [Function: bound nullable],
    nullish: [Function: bound nullish],
    array: [Function: bound array],
    promise: [Function: bound promise],
    or: [Function: bound or],
    and: [Function: bound and],
    transform: [Function: bound transform],
    brand: [Function: bound brand],
    default: [Function: bound default],
    catch: [Function: bound catch],
    describe: [Function: bound describe],
    pipe: [Function: bound pipe],
    readonly: [Function: bound readonly],
    isNullable: [Function: bound isNullable],
    isOptional: [Function: bound isOptional],
    '~standard': { version: 1, vendor: 'zod', validate: [Function: validate] },
    _cached: { shape: [Object], keys: [Array] },
    nonstrict: [Function: passthrough],
    augment: [Function: extend]
  },
  sample: {
    direction: 'down',
    scrollType: 'singleAction',
    locate: { prompt: 'the center of the product list area' }
  },
  call: [AsyncFunction: call]
}
[2026-09-03T16:37:52.448+08:00] locateFields [ 'locate' ]
[2026-09-03T16:38:02.491+08:00] task completed via <complete> tag, stop planning
[2026-09-03T16:40:10.368+08:00] actionInActionSpace matched {
  name: 'Tap',
  description: 'Tap the element',
  interfaceAlias: 'aiTap',
  paramSchema: ZodObject {
    spa: [Function: bound safeParseAsync] AsyncFunction,
    _def: {
      shape: [Function: shape],
      unknownKeys: 'strip',
      catchall: [ZodNever],
      typeName: 'ZodObject'
    },
    parse: [Function: bound parse],
    safeParse: [Function: bound safeParse],
    parseAsync: [Function: bound parseAsync] AsyncFunction,
    safeParseAsync: [Function: bound safeParseAsync] AsyncFunction,
    refine: [Function: bound refine],
    refinement: [Function: bound refinement],
    superRefine: [Function: bound superRefine],
    optional: [Function: bound optional],
    nullable: [Function: bound nullable],
    nullish: [Function: bound nullish],
    array: [Function: bound array],
    promise: [Function: bound promise],
    or: [Function: bound or],
    and: [Function: bound and],
    transform: [Function: bound transform],
    brand: [Function: bound brand],
    default: [Function: bound default],
    catch: [Function: bound catch],
    describe: [Function: bound describe],
    pipe: [Function: bound pipe],
    readonly: [Function: bound readonly],
    isNullable: [Function: bound isNullable],
    isOptional: [Function: bound isOptional],
    '~standard': { version: 1, vendor: 'zod', validate: [Function: validate] },
    _cached: null,
    nonstrict: [Function: passthrough],
    augment: [Function: extend]
  },
  sample: { locate: { prompt: 'the "Submit" button' } },
  call: [AsyncFunction: call]
}
[2026-09-03T16:40:10.368+08:00] locateFields [ 'locate' ]
[2026-09-03T16:40:33.244+08:00] actionInActionSpace matched {
  name: 'Scroll',
  description: 'Scroll the page or a scrollable element to browse content. This is the preferred way to scroll on all platforms, including mobile. Supports scrollToBottom/scrollToTop for boundary navigation. Default: direction `down`, scrollType `singleAction`, distance `null`.',
  interfaceAlias: 'aiScroll',
  paramSchema: ZodObject {
    spa: [Function: bound safeParseAsync] AsyncFunction,
    _def: {
      shape: [Function: shape],
      unknownKeys: 'strip',
      catchall: [ZodNever],
      typeName: 'ZodObject'
    },
    parse: [Function: bound parse],
    safeParse: [Function: bound safeParse],
    parseAsync: [Function: bound parseAsync] AsyncFunction,
    safeParseAsync: [Function: bound safeParseAsync] AsyncFunction,
    refine: [Function: bound refine],
    refinement: [Function: bound refinement],
    superRefine: [Function: bound superRefine],
    optional: [Function: bound optional],
    nullable: [Function: bound nullable],
    nullish: [Function: bound nullish],
    array: [Function: bound array],
    promise: [Function: bound promise],
    or: [Function: bound or],
    and: [Function: bound and],
    transform: [Function: bound transform],
    brand: [Function: bound brand],
    default: [Function: bound default],
    catch: [Function: bound catch],
    describe: [Function: bound describe],
    pipe: [Function: bound pipe],
    readonly: [Function: bound readonly],
    isNullable: [Function: bound isNullable],
    isOptional: [Function: bound isOptional],
    '~standard': { version: 1, vendor: 'zod', validate: [Function: validate] },
    _cached: null,
    nonstrict: [Function: passthrough],
    augment: [Function: extend]
  },
  sample: {
    direction: 'down',
    scrollType: 'singleAction',
    locate: { prompt: 'the center of the product list area' }
  },
  call: [AsyncFunction: call]
}
[2026-09-03T16:40:33.244+08:00] locateFields [ 'locate' ]
[2026-09-03T16:40:40.860+08:00] actionInActionSpace matched {
  name: 'Scroll',
  description: 'Scroll the page or a scrollable element to browse content. This is the preferred way to scroll on all platforms, including mobile. Supports scrollToBottom/scrollToTop for boundary navigation. Default: direction `down`, scrollType `singleAction`, distance `null`.',
  interfaceAlias: 'aiScroll',
  paramSchema: ZodObject {
    spa: [Function: bound safeParseAsync] AsyncFunction,
    _def: {
      shape: [Function: shape],
      unknownKeys: 'strip',
      catchall: [ZodNever],
      typeName: 'ZodObject'
    },
    parse: [Function: bound parse],
    safeParse: [Function: bound safeParse],
    parseAsync: [Function: bound parseAsync] AsyncFunction,
    safeParseAsync: [Function: bound safeParseAsync] AsyncFunction,
    refine: [Function: bound refine],
    refinement: [Function: bound refinement],
    superRefine: [Function: bound superRefine],
    optional: [Function: bound optional],
    nullable: [Function: bound nullable],
    nullish: [Function: bound nullish],
    array: [Function: bound array],
    promise: [Function: bound promise],
    or: [Function: bound or],
    and: [Function: bound and],
    transform: [Function: bound transform],
    brand: [Function: bound brand],
    default: [Function: bound default],
    catch: [Function: bound catch],
    describe: [Function: bound describe],
    pipe: [Function: bound pipe],
    readonly: [Function: bound readonly],
    isNullable: [Function: bound isNullable],
    isOptional: [Function: bound isOptional],
    '~standard': { version: 1, vendor: 'zod', validate: [Function: validate] },
    _cached: { shape: [Object], keys: [Array] },
    nonstrict: [Function: passthrough],
    augment: [Function: extend]
  },
  sample: {
    direction: 'down',
    scrollType: 'singleAction',
    locate: { prompt: 'the center of the product list area' }
  },
  call: [AsyncFunction: call]
}
[2026-09-03T16:40:40.860+08:00] locateFields [ 'locate' ]
[2026-09-03T16:40:49.092+08:00] actionInActionSpace matched {
  name: 'Scroll',
  description: 'Scroll the page or a scrollable element to browse content. This is the preferred way to scroll on all platforms, including mobile. Supports scrollToBottom/scrollToTop for boundary navigation. Default: direction `down`, scrollType `singleAction`, distance `null`.',
  interfaceAlias: 'aiScroll',
  paramSchema: ZodObject {
    spa: [Function: bound safeParseAsync] AsyncFunction,
    _def: {
      shape: [Function: shape],
      unknownKeys: 'strip',
      catchall: [ZodNever],
      typeName: 'ZodObject'
    },
    parse: [Function: bound parse],
    safeParse: [Function: bound safeParse],
    parseAsync: [Function: bound parseAsync] AsyncFunction,
    safeParseAsync: [Function: bound safeParseAsync] AsyncFunction,
    refine: [Function: bound refine],
    refinement: [Function: bound refinement],
    superRefine: [Function: bound superRefine],
    optional: [Function: bound optional],
    nullable: [Function: bound nullable],
    nullish: [Function: bound nullish],
    array: [Function: bound array],
    promise: [Function: bound promise],
    or: [Function: bound or],
    and: [Function: bound and],
    transform: [Function: bound transform],
    brand: [Function: bound brand],
    default: [Function: bound default],
    catch: [Function: bound catch],
    describe: [Function: bound describe],
    pipe: [Function: bound pipe],
    readonly: [Function: bound readonly],
    isNullable: [Function: bound isNullable],
    isOptional: [Function: bound isOptional],
    '~standard': { version: 1, vendor: 'zod', validate: [Function: validate] },
    _cached: { shape: [Object], keys: [Array] },
    nonstrict: [Function: passthrough],
    augment: [Function: extend]
  },
  sample: {
    direction: 'down',
    scrollType: 'singleAction',
    locate: { prompt: 'the center of the product list area' }
  },
  call: [AsyncFunction: call]
}
[2026-09-03T16:40:49.092+08:00] locateFields [ 'locate' ]
[2026-09-03T16:40:58.234+08:00] task completed via <complete> tag, stop planning
[2026-09-03T16:44:39.094+08:00] actionInActionSpace matched {
  name: 'Tap',
  description: 'Tap the element',
  interfaceAlias: 'aiTap',
  paramSchema: ZodObject {
    spa: [Function: bound safeParseAsync] AsyncFunction,
    _def: {
      shape: [Function: shape],
      unknownKeys: 'strip',
      catchall: [ZodNever],
      typeName: 'ZodObject'
    },
    parse: [Function: bound parse],
    safeParse: [Function: bound safeParse],
    parseAsync: [Function: bound parseAsync] AsyncFunction,
    safeParseAsync: [Function: bound safeParseAsync] AsyncFunction,
    refine: [Function: bound refine],
    refinement: [Function: bound refinement],
    superRefine: [Function: bound superRefine],
    optional: [Function: bound optional],
    nullable: [Function: bound nullable],
    nullish: [Function: bound nullish],
    array: [Function: bound array],
    promise: [Function: bound promise],
    or: [Function: bound or],
    and: [Function: bound and],
    transform: [Function: bound transform],
    brand: [Function: bound brand],
    default: [Function: bound default],
    catch: [Function: bound catch],
    describe: [Function: bound describe],
    pipe: [Function: bound pipe],
    readonly: [Function: bound readonly],
    isNullable: [Function: bound isNullable],
    isOptional: [Function: bound isOptional],
    '~standard': { version: 1, vendor: 'zod', validate: [Function: validate] },
    _cached: null,
    nonstrict: [Function: passthrough],
    augment: [Function: extend]
  },
  sample: { locate: { prompt: 'the "Submit" button' } },
  call: [AsyncFunction: call]
}
[2026-09-03T16:44:39.094+08:00] locateFields [ 'locate' ]
[2026-09-03T16:44:48.383+08:00] actionInActionSpace matched {
  name: 'Scroll',
  description: 'Scroll the page or a scrollable element to browse content. This is the preferred way to scroll on all platforms, including mobile. Supports scrollToBottom/scrollToTop for boundary navigation. Default: direction `down`, scrollType `singleAction`, distance `null`.',
  interfaceAlias: 'aiScroll',
  paramSchema: ZodObject {
    spa: [Function: bound safeParseAsync] AsyncFunction,
    _def: {
      shape: [Function: shape],
      unknownKeys: 'strip',
      catchall: [ZodNever],
      typeName: 'ZodObject'
    },
    parse: [Function: bound parse],
    safeParse: [Function: bound safeParse],
    parseAsync: [Function: bound parseAsync] AsyncFunction,
    safeParseAsync: [Function: bound safeParseAsync] AsyncFunction,
    refine: [Function: bound refine],
    refinement: [Function: bound refinement],
    superRefine: [Function: bound superRefine],
    optional: [Function: bound optional],
    nullable: [Function: bound nullable],
    nullish: [Function: bound nullish],
    array: [Function: bound array],
    promise: [Function: bound promise],
    or: [Function: bound or],
    and: [Function: bound and],
    transform: [Function: bound transform],
    brand: [Function: bound brand],
    default: [Function: bound default],
    catch: [Function: bound catch],
    describe: [Function: bound describe],
    pipe: [Function: bound pipe],
    readonly: [Function: bound readonly],
    isNullable: [Function: bound isNullable],
    isOptional: [Function: bound isOptional],
    '~standard': { version: 1, vendor: 'zod', validate: [Function: validate] },
    _cached: null,
    nonstrict: [Function: passthrough],
    augment: [Function: extend]
  },
  sample: {
    direction: 'down',
    scrollType: 'singleAction',
    locate: { prompt: 'the center of the product list area' }
  },
  call: [AsyncFunction: call]
}
[2026-09-03T16:44:48.383+08:00] locateFields [ 'locate' ]
[2026-09-03T16:45:02.986+08:00] actionInActionSpace matched {
  name: 'Scroll',
  description: 'Scroll the page or a scrollable element to browse content. This is the preferred way to scroll on all platforms, including mobile. Supports scrollToBottom/scrollToTop for boundary navigation. Default: direction `down`, scrollType `singleAction`, distance `null`.',
  interfaceAlias: 'aiScroll',
  paramSchema: ZodObject {
    spa: [Function: bound safeParseAsync] AsyncFunction,
    _def: {
      shape: [Function: shape],
      unknownKeys: 'strip',
      catchall: [ZodNever],
      typeName: 'ZodObject'
    },
    parse: [Function: bound parse],
    safeParse: [Function: bound safeParse],
    parseAsync: [Function: bound parseAsync] AsyncFunction,
    safeParseAsync: [Function: bound safeParseAsync] AsyncFunction,
    refine: [Function: bound refine],
    refinement: [Function: bound refinement],
    superRefine: [Function: bound superRefine],
    optional: [Function: bound optional],
    nullable: [Function: bound nullable],
    nullish: [Function: bound nullish],
    array: [Function: bound array],
    promise: [Function: bound promise],
    or: [Function: bound or],
    and: [Function: bound and],
    transform: [Function: bound transform],
    brand: [Function: bound brand],
    default: [Function: bound default],
    catch: [Function: bound catch],
    describe: [Function: bound describe],
    pipe: [Function: bound pipe],
    readonly: [Function: bound readonly],
    isNullable: [Function: bound isNullable],
    isOptional: [Function: bound isOptional],
    '~standard': { version: 1, vendor: 'zod', validate: [Function: validate] },
    _cached: { shape: [Object], keys: [Array] },
    nonstrict: [Function: passthrough],
    augment: [Function: extend]
  },
  sample: {
    direction: 'down',
    scrollType: 'singleAction',
    locate: { prompt: 'the center of the product list area' }
  },
  call: [AsyncFunction: call]
}
[2026-09-03T16:45:02.986+08:00] locateFields [ 'locate' ]
[2026-09-03T16:45:13.812+08:00] actionInActionSpace matched {
  name: 'Tap',
  description: 'Tap the element',
  interfaceAlias: 'aiTap',
  paramSchema: ZodObject {
    spa: [Function: bound safeParseAsync] AsyncFunction,
    _def: {
      shape: [Function: shape],
      unknownKeys: 'strip',
      catchall: [ZodNever],
      typeName: 'ZodObject'
    },
    parse: [Function: bound parse],
    safeParse: [Function: bound safeParse],
    parseAsync: [Function: bound parseAsync] AsyncFunction,
    safeParseAsync: [Function: bound safeParseAsync] AsyncFunction,
    refine: [Function: bound refine],
    refinement: [Function: bound refinement],
    superRefine: [Function: bound superRefine],
    optional: [Function: bound optional],
    nullable: [Function: bound nullable],
    nullish: [Function: bound nullish],
    array: [Function: bound array],
    promise: [Function: bound promise],
    or: [Function: bound or],
    and: [Function: bound and],
    transform: [Function: bound transform],
    brand: [Function: bound brand],
    default: [Function: bound default],
    catch: [Function: bound catch],
    describe: [Function: bound describe],
    pipe: [Function: bound pipe],
    readonly: [Function: bound readonly],
    isNullable: [Function: bound isNullable],
    isOptional: [Function: bound isOptional],
    '~standard': { version: 1, vendor: 'zod', validate: [Function: validate] },
    _cached: { shape: [Object], keys: [Array] },
    nonstrict: [Function: passthrough],
    augment: [Function: extend]
  },
  sample: { locate: { prompt: 'the "Submit" button' } },
  call: [AsyncFunction: call]
}
[2026-09-03T16:45:13.812+08:00] locateFields [ 'locate' ]
[2026-09-03T16:45:38.544+08:00] task completed via <complete> tag, stop planning
[2026-09-03T16:46:31.058+08:00] actionInActionSpace matched {
  name: 'Scroll',
  description: 'Scroll the page or a scrollable element to browse content. This is the preferred way to scroll on all platforms, including mobile. Supports scrollToBottom/scrollToTop for boundary navigation. Default: direction `down`, scrollType `singleAction`, distance `null`.',
  interfaceAlias: 'aiScroll',
  paramSchema: ZodObject {
    spa: [Function: bound safeParseAsync] AsyncFunction,
    _def: {
      shape: [Function: shape],
      unknownKeys: 'strip',
      catchall: [ZodNever],
      typeName: 'ZodObject'
    },
    parse: [Function: bound parse],
    safeParse: [Function: bound safeParse],
    parseAsync: [Function: bound parseAsync] AsyncFunction,
    safeParseAsync: [Function: bound safeParseAsync] AsyncFunction,
    refine: [Function: bound refine],
    refinement: [Function: bound refinement],
    superRefine: [Function: bound superRefine],
    optional: [Function: bound optional],
    nullable: [Function: bound nullable],
    nullish: [Function: bound nullish],
    array: [Function: bound array],
    promise: [Function: bound promise],
    or: [Function: bound or],
    and: [Function: bound and],
    transform: [Function: bound transform],
    brand: [Function: bound brand],
    default: [Function: bound default],
    catch: [Function: bound catch],
    describe: [Function: bound describe],
    pipe: [Function: bound pipe],
    readonly: [Function: bound readonly],
    isNullable: [Function: bound isNullable],
    isOptional: [Function: bound isOptional],
    '~standard': { version: 1, vendor: 'zod', validate: [Function: validate] },
    _cached: null,
    nonstrict: [Function: passthrough],
    augment: [Function: extend]
  },
  sample: {
    direction: 'down',
    scrollType: 'singleAction',
    locate: { prompt: 'the center of the product list area' }
  },
  call: [AsyncFunction: call]
}
[2026-09-03T16:46:31.058+08:00] locateFields [ 'locate' ]
[2026-09-03T16:46:41.977+08:00] task completed via <complete> tag, stop planning
