[2026-09-03T16:14:58.876+08:00] screenshotBase64 begin
[2026-09-03T16:14:58.881+08:00] Midscene - Added base-select appearance style for select elements because of forceChromeSelectRendering is enabled
[2026-09-03T16:14:58.949+08:00] screenshotBase64 end, cost: 73ms
[2026-09-03T16:16:25.031+08:00] Midscene - Added base-select appearance style for select elements because of forceChromeSelectRendering is enabled
[2026-09-03T16:16:25.045+08:00] evaluate function begin
[2026-09-03T16:16:25.048+08:00] evaluate function end
[2026-09-03T16:16:25.048+08:00] screenshotBase64 begin
[2026-09-03T16:16:25.098+08:00] screenshotBase64 end, cost: 50ms
[2026-09-03T16:16:31.304+08:00] screenshotBase64 begin
[2026-09-03T16:16:31.595+08:00] screenshotBase64 end, cost: 291ms
[2026-09-03T16:16:34.387+08:00] screenshotBase64 begin
[2026-09-03T16:16:34.426+08:00] screenshotBase64 end, cost: 39ms
[2026-09-03T16:16:34.630+08:00] mouse move to 651, 241
[2026-09-03T16:16:34.633+08:00] mouse click 651, 241, left, 1
[2026-09-03T16:16:34.955+08:00] waitForNavigation begin at moment afterInvokeAction with timeout: 5000 and actionName: Tap
[2026-09-03T16:16:34.956+08:00] waitForNetworkIdle begin at moment afterInvokeAction with timeout: 2000 and concurrency: 2 and actionName: Tap
[2026-09-03T16:16:34.964+08:00] waitForNavigation end
[2026-09-03T16:16:35.159+08:00] waitForNetworkIdle end
[2026-09-03T16:16:35.159+08:00] screenshotBase64 begin
[2026-09-03T16:16:35.175+08:00] screenshotBase64 end, cost: 16ms
[2026-09-03T16:16:38.552+08:00] screenshotBase64 begin
[2026-09-03T16:16:38.575+08:00] screenshotBase64 end, cost: 23ms
[2026-09-03T16:16:38.579+08:00] screenshotBase64 begin
[2026-09-03T16:16:38.609+08:00] screenshotBase64 end, cost: 30ms
[2026-09-03T16:17:20.377+08:00] Midscene - Added base-select appearance style for select elements because of forceChromeSelectRendering is enabled
[2026-09-03T16:17:20.419+08:00] evaluate function begin
[2026-09-03T16:17:20.420+08:00] evaluate function end
[2026-09-03T16:17:20.420+08:00] screenshotBase64 begin
[2026-09-03T16:17:20.455+08:00] screenshotBase64 end, cost: 35ms
[2026-09-03T16:17:24.102+08:00] screenshotBase64 begin
[2026-09-03T16:17:24.124+08:00] screenshotBase64 end, cost: 22ms
[2026-09-03T16:17:27.197+08:00] screenshotBase64 begin
[2026-09-03T16:17:27.224+08:00] screenshotBase64 end, cost: 27ms
[2026-09-03T16:17:29.651+08:00] screenshotBase64 begin
[2026-09-03T16:17:29.674+08:00] screenshotBase64 end, cost: 23ms
[2026-09-03T16:17:29.877+08:00] begin mouse drag from 178, 474 to 293, 473
[2026-09-03T16:17:31.400+08:00] end mouse drag from 178, 474 to 293, 473
[2026-09-03T16:17:31.701+08:00] waitForNavigation begin at moment afterInvokeAction with timeout: 5000 and actionName: DragAndDrop
[2026-09-03T16:17:31.703+08:00] waitForNetworkIdle begin at moment afterInvokeAction with timeout: 2000 and concurrency: 2 and actionName: DragAndDrop
[2026-09-03T16:17:31.710+08:00] waitForNavigation end
[2026-09-03T16:17:31.905+08:00] waitForNetworkIdle end
[2026-09-03T16:17:31.905+08:00] screenshotBase64 begin
[2026-09-03T16:17:31.923+08:00] screenshotBase64 end, cost: 18ms
[2026-09-03T16:17:35.694+08:00] screenshotBase64 begin
[2026-09-03T16:17:35.705+08:00] screenshotBase64 end, cost: 11ms
[2026-09-03T16:17:35.711+08:00] screenshotBase64 begin
[2026-09-03T16:17:35.739+08:00] screenshotBase64 end, cost: 28ms
[2026-09-03T16:18:02.025+08:00] Midscene - Added base-select appearance style for select elements because of forceChromeSelectRendering is enabled
[2026-09-03T16:18:02.032+08:00] evaluate function begin
[2026-09-03T16:18:02.033+08:00] evaluate function end
[2026-09-03T16:18:02.033+08:00] screenshotBase64 begin
[2026-09-03T16:18:02.077+08:00] screenshotBase64 end, cost: 44ms
[2026-09-03T16:18:05.802+08:00] screenshotBase64 begin
[2026-09-03T16:18:05.822+08:00] screenshotBase64 end, cost: 20ms
[2026-09-03T16:18:09.030+08:00] screenshotBase64 begin
[2026-09-03T16:18:09.056+08:00] screenshotBase64 end, cost: 26ms
[2026-09-03T16:18:09.259+08:00] evaluate function begin
[2026-09-03T16:18:09.260+08:00] evaluate function end
[2026-09-03T16:18:09.260+08:00] mouse move to 716, 557
[2026-09-03T16:18:09.261+08:00] mouse wheel 0, 600
[2026-09-03T16:18:10.066+08:00] waitForNavigation begin at moment afterInvokeAction with timeout: 5000 and actionName: Scroll
[2026-09-03T16:18:10.067+08:00] waitForNetworkIdle begin at moment afterInvokeAction with timeout: 2000 and concurrency: 2 and actionName: Scroll
[2026-09-03T16:18:10.075+08:00] waitForNavigation end
[2026-09-03T16:18:10.270+08:00] waitForNetworkIdle end
[2026-09-03T16:18:10.270+08:00] screenshotBase64 begin
[2026-09-03T16:18:10.290+08:00] screenshotBase64 end, cost: 20ms
[2026-09-03T16:18:14.553+08:00] screenshotBase64 begin
[2026-09-03T16:18:14.583+08:00] screenshotBase64 end, cost: 30ms
[2026-09-03T16:18:14.600+08:00] screenshotBase64 begin
[2026-09-03T16:18:14.623+08:00] screenshotBase64 end, cost: 23ms
[2026-09-03T16:18:59.126+08:00] Midscene - Added base-select appearance style for select elements because of forceChromeSelectRendering is enabled
[2026-09-03T16:18:59.134+08:00] evaluate function begin
[2026-09-03T16:18:59.135+08:00] evaluate function end
[2026-09-03T16:18:59.135+08:00] screenshotBase64 begin
[2026-09-03T16:18:59.161+08:00] screenshotBase64 end, cost: 26ms
[2026-09-03T16:19:03.817+08:00] screenshotBase64 begin
[2026-09-03T16:19:03.839+08:00] screenshotBase64 end, cost: 21ms
[2026-09-03T16:19:07.515+08:00] screenshotBase64 begin
[2026-09-03T16:19:07.539+08:00] screenshotBase64 end, cost: 24ms
[2026-09-03T16:19:07.742+08:00] mouse move to 386, 396
[2026-09-03T16:19:07.744+08:00] mouse click 386, 396, left, 1
[2026-09-03T16:19:08.051+08:00] waitForNavigation begin at moment afterInvokeAction with timeout: 5000 and actionName: Tap
[2026-09-03T16:19:08.052+08:00] waitForNetworkIdle begin at moment afterInvokeAction with timeout: 2000 and concurrency: 2 and actionName: Tap
[2026-09-03T16:19:08.058+08:00] waitForNavigation end
[2026-09-03T16:19:08.254+08:00] waitForNetworkIdle end
[2026-09-03T16:19:08.254+08:00] screenshotBase64 begin
[2026-09-03T16:19:08.272+08:00] screenshotBase64 end, cost: 18ms
[2026-09-03T16:19:11.642+08:00] screenshotBase64 begin
[2026-09-03T16:19:11.658+08:00] screenshotBase64 end, cost: 16ms
[2026-09-03T16:19:14.863+08:00] screenshotBase64 begin
[2026-09-03T16:19:14.890+08:00] screenshotBase64 end, cost: 27ms
[2026-09-03T16:19:15.093+08:00] mouse move to 411, 368
[2026-09-03T16:19:15.094+08:00] mouse click 411, 368, left, 1
[2026-09-03T16:19:15.402+08:00] waitForNavigation begin at moment afterInvokeAction with timeout: 5000 and actionName: Tap
[2026-09-03T16:19:15.403+08:00] waitForNetworkIdle begin at moment afterInvokeAction with timeout: 2000 and concurrency: 2 and actionName: Tap
[2026-09-03T16:19:15.406+08:00] waitForNavigation end
[2026-09-03T16:19:15.604+08:00] waitForNetworkIdle end
[2026-09-03T16:19:15.605+08:00] screenshotBase64 begin
[2026-09-03T16:19:15.622+08:00] screenshotBase64 end, cost: 17ms
[2026-09-03T16:19:20.143+08:00] screenshotBase64 begin
[2026-09-03T16:19:20.539+08:00] screenshotBase64 end, cost: 396ms
[2026-09-03T16:19:23.275+08:00] screenshotBase64 begin
[2026-09-03T16:19:23.323+08:00] screenshotBase64 end, cost: 47ms
[2026-09-03T16:19:23.526+08:00] mouse move to 276, 397
[2026-09-03T16:19:23.530+08:00] mouse click 276, 397, left, 1
[2026-09-03T16:19:23.840+08:00] waitForNavigation begin at moment afterInvokeAction with timeout: 5000 and actionName: Tap
[2026-09-03T16:19:23.840+08:00] waitForNetworkIdle begin at moment afterInvokeAction with timeout: 2000 and concurrency: 2 and actionName: Tap
[2026-09-03T16:19:24.041+08:00] waitForNetworkIdle end
[2026-09-03T16:19:24.188+08:00] waitForNavigation end
[2026-09-03T16:19:24.188+08:00] screenshotBase64 begin
[2026-09-03T16:19:24.207+08:00] screenshotBase64 end, cost: 19ms
[2026-09-03T16:19:28.109+08:00] screenshotBase64 begin
[2026-09-03T16:19:28.139+08:00] screenshotBase64 end, cost: 30ms
[2026-09-03T16:19:32.000+08:00] screenshotBase64 begin
[2026-09-03T16:19:32.022+08:00] screenshotBase64 end, cost: 22ms
[2026-09-03T16:19:32.226+08:00] mouse move to 274, 396
[2026-09-03T16:19:32.226+08:00] mouse click 274, 396, left, 1
[2026-09-03T16:19:32.533+08:00] waitForNavigation begin at moment afterInvokeAction with timeout: 5000 and actionName: Tap
[2026-09-03T16:19:32.533+08:00] waitForNetworkIdle begin at moment afterInvokeAction with timeout: 2000 and concurrency: 2 and actionName: Tap
[2026-09-03T16:19:32.543+08:00] waitForNavigation end
[2026-09-03T16:19:32.737+08:00] waitForNetworkIdle end
[2026-09-03T16:19:32.737+08:00] screenshotBase64 begin
[2026-09-03T16:19:32.755+08:00] screenshotBase64 end, cost: 18ms
[2026-09-03T16:19:37.781+08:00] screenshotBase64 begin
[2026-09-03T16:19:37.808+08:00] screenshotBase64 end, cost: 27ms
[2026-09-03T16:19:37.816+08:00] screenshotBase64 begin
[2026-09-03T16:19:37.855+08:00] screenshotBase64 end, cost: 39ms
[2026-09-03T16:20:36.031+08:00] Midscene - Added base-select appearance style for select elements because of forceChromeSelectRendering is enabled
[2026-09-03T16:20:36.041+08:00] evaluate function begin
[2026-09-03T16:20:36.042+08:00] evaluate function end
[2026-09-03T16:20:36.042+08:00] screenshotBase64 begin
[2026-09-03T16:20:36.092+08:00] screenshotBase64 end, cost: 50ms
[2026-09-03T16:20:40.320+08:00] screenshotBase64 begin
[2026-09-03T16:20:40.370+08:00] screenshotBase64 end, cost: 50ms
[2026-09-03T16:20:43.274+08:00] screenshotBase64 begin
[2026-09-03T16:20:43.303+08:00] screenshotBase64 end, cost: 29ms
[2026-09-03T16:20:43.507+08:00] evaluate function begin
[2026-09-03T16:20:43.508+08:00] evaluate function end
[2026-09-03T16:20:43.508+08:00] mouse move to 718, 350
[2026-09-03T16:20:43.510+08:00] mouse wheel 0, 600
[2026-09-03T16:20:44.331+08:00] waitForNavigation begin at moment afterInvokeAction with timeout: 5000 and actionName: Scroll
[2026-09-03T16:20:44.332+08:00] waitForNetworkIdle begin at moment afterInvokeAction with timeout: 2000 and concurrency: 2 and actionName: Scroll
[2026-09-03T16:20:44.338+08:00] waitForNavigation end
[2026-09-03T16:20:44.534+08:00] waitForNetworkIdle end
[2026-09-03T16:20:44.534+08:00] screenshotBase64 begin
[2026-09-03T16:20:44.553+08:00] screenshotBase64 end, cost: 19ms
[2026-09-03T16:20:48.407+08:00] screenshotBase64 begin
[2026-09-03T16:20:48.419+08:00] screenshotBase64 end, cost: 12ms
[2026-09-03T16:20:48.423+08:00] screenshotBase64 begin
[2026-09-03T16:20:48.451+08:00] screenshotBase64 end, cost: 28ms
[2026-09-03T16:21:07.650+08:00] Midscene - Added base-select appearance style for select elements because of forceChromeSelectRendering is enabled
[2026-09-03T16:21:07.657+08:00] evaluate function begin
[2026-09-03T16:21:07.658+08:00] evaluate function end
[2026-09-03T16:21:07.658+08:00] screenshotBase64 begin
[2026-09-03T16:21:07.699+08:00] screenshotBase64 end, cost: 41ms
[2026-09-03T16:21:11.992+08:00] screenshotBase64 begin
[2026-09-03T16:21:12.019+08:00] screenshotBase64 end, cost: 27ms
[2026-09-03T16:21:15.410+08:00] screenshotBase64 begin
[2026-09-03T16:21:15.435+08:00] screenshotBase64 end, cost: 25ms
[2026-09-03T16:21:15.638+08:00] mouse move to 162, 354
[2026-09-03T16:21:15.640+08:00] mouse click 162, 354, left, 1
[2026-09-03T16:21:15.948+08:00] waitForNavigation begin at moment afterInvokeAction with timeout: 5000 and actionName: Tap
[2026-09-03T16:21:15.949+08:00] waitForNetworkIdle begin at moment afterInvokeAction with timeout: 2000 and concurrency: 2 and actionName: Tap
[2026-09-03T16:21:15.955+08:00] waitForNavigation end
[2026-09-03T16:21:16.151+08:00] waitForNetworkIdle end
[2026-09-03T16:21:16.151+08:00] screenshotBase64 begin
[2026-09-03T16:21:16.168+08:00] screenshotBase64 end, cost: 17ms
[2026-09-03T16:21:19.935+08:00] screenshotBase64 begin
[2026-09-03T16:21:19.952+08:00] screenshotBase64 end, cost: 17ms
[2026-09-03T16:21:22.870+08:00] screenshotBase64 begin
[2026-09-03T16:21:22.900+08:00] screenshotBase64 end, cost: 29ms
[2026-09-03T16:21:23.103+08:00] mouse move to 163, 355
[2026-09-03T16:21:23.104+08:00] mouse click 163, 355, left, 1
[2026-09-03T16:21:23.407+08:00] waitForNavigation begin at moment afterInvokeAction with timeout: 5000 and actionName: Tap
[2026-09-03T16:21:23.408+08:00] waitForNetworkIdle begin at moment afterInvokeAction with timeout: 2000 and concurrency: 2 and actionName: Tap
[2026-09-03T16:21:23.410+08:00] waitForNavigation end
[2026-09-03T16:21:23.608+08:00] waitForNetworkIdle end
[2026-09-03T16:21:23.609+08:00] screenshotBase64 begin
[2026-09-03T16:21:23.636+08:00] screenshotBase64 end, cost: 27ms
[2026-09-03T16:21:27.365+08:00] screenshotBase64 begin
[2026-09-03T16:21:27.386+08:00] screenshotBase64 end, cost: 21ms
[2026-09-03T16:21:30.474+08:00] screenshotBase64 begin
[2026-09-03T16:21:30.502+08:00] screenshotBase64 end, cost: 28ms
[2026-09-03T16:21:30.704+08:00] mouse move to 276, 354
[2026-09-03T16:21:30.705+08:00] mouse click 276, 354, left, 1
[2026-09-03T16:21:31.009+08:00] waitForNavigation begin at moment afterInvokeAction with timeout: 5000 and actionName: Tap
[2026-09-03T16:21:31.009+08:00] waitForNetworkIdle begin at moment afterInvokeAction with timeout: 2000 and concurrency: 2 and actionName: Tap
[2026-09-03T16:21:31.012+08:00] waitForNavigation end
[2026-09-03T16:21:31.210+08:00] waitForNetworkIdle end
[2026-09-03T16:21:31.211+08:00] screenshotBase64 begin
[2026-09-03T16:21:31.235+08:00] screenshotBase64 end, cost: 24ms
[2026-09-03T16:21:34.287+08:00] screenshotBase64 begin
[2026-09-03T16:21:34.301+08:00] screenshotBase64 end, cost: 14ms
[2026-09-03T16:21:34.307+08:00] screenshotBase64 begin
[2026-09-03T16:21:34.334+08:00] screenshotBase64 end, cost: 27ms
[2026-09-03T16:22:00.119+08:00] Midscene - Added base-select appearance style for select elements because of forceChromeSelectRendering is enabled
[2026-09-03T16:22:00.125+08:00] evaluate function begin
[2026-09-03T16:22:00.126+08:00] evaluate function end
[2026-09-03T16:22:00.126+08:00] screenshotBase64 begin
[2026-09-03T16:22:00.175+08:00] screenshotBase64 end, cost: 49ms
[2026-09-03T16:22:04.811+08:00] screenshotBase64 begin
[2026-09-03T16:22:04.837+08:00] screenshotBase64 end, cost: 26ms
[2026-09-03T16:22:07.689+08:00] screenshotBase64 begin
[2026-09-03T16:22:07.718+08:00] screenshotBase64 end, cost: 29ms
[2026-09-03T16:22:07.923+08:00] evaluate function begin
[2026-09-03T16:22:07.925+08:00] evaluate function end
[2026-09-03T16:22:07.926+08:00] mouse move to 716, 409
[2026-09-03T16:22:07.929+08:00] mouse wheel 0, 600
[2026-09-03T16:22:08.746+08:00] waitForNavigation begin at moment afterInvokeAction with timeout: 5000 and actionName: Scroll
[2026-09-03T16:22:08.747+08:00] waitForNetworkIdle begin at moment afterInvokeAction with timeout: 2000 and concurrency: 2 and actionName: Scroll
[2026-09-03T16:22:08.753+08:00] waitForNavigation end
[2026-09-03T16:22:08.948+08:00] waitForNetworkIdle end
[2026-09-03T16:22:08.949+08:00] screenshotBase64 begin
[2026-09-03T16:22:08.967+08:00] screenshotBase64 end, cost: 18ms
[2026-09-03T16:22:12.389+08:00] screenshotBase64 begin
[2026-09-03T16:22:12.418+08:00] screenshotBase64 end, cost: 29ms
[2026-09-03T16:22:12.421+08:00] screenshotBase64 begin
[2026-09-03T16:22:12.450+08:00] screenshotBase64 end, cost: 29ms
[2026-09-03T16:22:37.463+08:00] Midscene - Added base-select appearance style for select elements because of forceChromeSelectRendering is enabled
[2026-09-03T16:22:37.469+08:00] evaluate function begin
[2026-09-03T16:22:37.470+08:00] evaluate function end
[2026-09-03T16:22:37.470+08:00] screenshotBase64 begin
[2026-09-03T16:22:37.511+08:00] screenshotBase64 end, cost: 41ms
[2026-09-03T16:22:41.626+08:00] screenshotBase64 begin
[2026-09-03T16:22:41.649+08:00] screenshotBase64 end, cost: 23ms
[2026-09-03T16:22:41.881+08:00] mouse move to 720, 356
[2026-09-03T16:22:41.882+08:00] mouse wheel 0, -9999999
[2026-09-03T16:22:42.193+08:00] waitForNavigation begin at moment afterInvokeAction with timeout: 5000 and actionName: Scroll
[2026-09-03T16:22:42.193+08:00] waitForNetworkIdle begin at moment afterInvokeAction with timeout: 2000 and concurrency: 2 and actionName: Scroll
[2026-09-03T16:22:42.200+08:00] waitForNavigation end
[2026-09-03T16:22:42.395+08:00] waitForNetworkIdle end
[2026-09-03T16:22:42.396+08:00] screenshotBase64 begin
[2026-09-03T16:22:42.454+08:00] screenshotBase64 end, cost: 58ms
[2026-09-03T16:22:47.463+08:00] screenshotBase64 begin
[2026-09-03T16:22:47.486+08:00] screenshotBase64 end, cost: 23ms
[2026-09-03T16:22:47.692+08:00] evaluate function begin
[2026-09-03T16:22:47.693+08:00] evaluate function end
[2026-09-03T16:22:47.693+08:00] mouse wheel 0, 500
[2026-09-03T16:22:48.496+08:00] waitForNavigation begin at moment afterInvokeAction with timeout: 5000 and actionName: Scroll
[2026-09-03T16:22:48.497+08:00] waitForNetworkIdle begin at moment afterInvokeAction with timeout: 2000 and concurrency: 2 and actionName: Scroll
[2026-09-03T16:22:48.500+08:00] waitForNavigation end
[2026-09-03T16:22:48.697+08:00] waitForNetworkIdle end
[2026-09-03T16:22:48.697+08:00] screenshotBase64 begin
[2026-09-03T16:22:48.718+08:00] screenshotBase64 end, cost: 21ms
[2026-09-03T16:22:54.815+08:00] screenshotBase64 begin
[2026-09-03T16:22:54.834+08:00] screenshotBase64 end, cost: 19ms
[2026-09-03T16:22:55.043+08:00] evaluate function begin
[2026-09-03T16:22:55.044+08:00] evaluate function end
[2026-09-03T16:22:55.044+08:00] mouse wheel 0, -700
[2026-09-03T16:22:55.847+08:00] waitForNavigation begin at moment afterInvokeAction with timeout: 5000 and actionName: Scroll
[2026-09-03T16:22:55.847+08:00] waitForNetworkIdle begin at moment afterInvokeAction with timeout: 2000 and concurrency: 2 and actionName: Scroll
[2026-09-03T16:22:55.850+08:00] waitForNavigation end
[2026-09-03T16:22:56.049+08:00] waitForNetworkIdle end
[2026-09-03T16:22:56.050+08:00] screenshotBase64 begin
[2026-09-03T16:22:56.066+08:00] screenshotBase64 end, cost: 16ms
[2026-09-03T16:23:00.305+08:00] screenshotBase64 begin
[2026-09-03T16:23:00.315+08:00] screenshotBase64 end, cost: 10ms
[2026-09-03T16:23:03.073+08:00] screenshotBase64 begin
[2026-09-03T16:23:03.100+08:00] screenshotBase64 end, cost: 27ms
[2026-09-03T16:23:03.303+08:00] mouse move to 762, 240
[2026-09-03T16:23:03.304+08:00] mouse click 762, 240, left, 1
[2026-09-03T16:23:03.631+08:00] waitForNavigation begin at moment afterInvokeAction with timeout: 5000 and actionName: Tap
[2026-09-03T16:23:03.631+08:00] waitForNetworkIdle begin at moment afterInvokeAction with timeout: 2000 and concurrency: 2 and actionName: Tap
[2026-09-03T16:23:03.634+08:00] waitForNavigation end
[2026-09-03T16:23:03.832+08:00] waitForNetworkIdle end
[2026-09-03T16:23:03.832+08:00] screenshotBase64 begin
[2026-09-03T16:23:03.850+08:00] screenshotBase64 end, cost: 18ms
[2026-09-03T16:23:06.482+08:00] screenshotBase64 begin
[2026-09-03T16:23:06.499+08:00] screenshotBase64 end, cost: 17ms
[2026-09-03T16:23:06.504+08:00] screenshotBase64 begin
[2026-09-03T16:23:06.532+08:00] screenshotBase64 end, cost: 28ms
[2026-09-03T16:23:36.164+08:00] Midscene - Added base-select appearance style for select elements because of forceChromeSelectRendering is enabled
[2026-09-03T16:23:36.176+08:00] evaluate function begin
[2026-09-03T16:23:36.177+08:00] evaluate function end
[2026-09-03T16:23:36.177+08:00] screenshotBase64 begin
[2026-09-03T16:23:36.227+08:00] screenshotBase64 end, cost: 50ms
[2026-09-03T16:23:40.514+08:00] screenshotBase64 begin
[2026-09-03T16:23:40.536+08:00] screenshotBase64 end, cost: 22ms
[2026-09-03T16:23:43.834+08:00] screenshotBase64 begin
[2026-09-03T16:23:43.848+08:00] screenshotBase64 end, cost: 14ms
[2026-09-03T16:23:44.051+08:00] evaluate function begin
[2026-09-03T16:23:44.052+08:00] evaluate function end
[2026-09-03T16:23:44.052+08:00] mouse move to 718, 475
[2026-09-03T16:23:44.053+08:00] mouse wheel 0, 500
[2026-09-03T16:23:44.858+08:00] waitForNavigation begin at moment afterInvokeAction with timeout: 5000 and actionName: Scroll
[2026-09-03T16:23:44.859+08:00] waitForNetworkIdle begin at moment afterInvokeAction with timeout: 2000 and concurrency: 2 and actionName: Scroll
[2026-09-03T16:23:44.864+08:00] waitForNavigation end
[2026-09-03T16:23:45.060+08:00] waitForNetworkIdle end
[2026-09-03T16:23:45.061+08:00] screenshotBase64 begin
[2026-09-03T16:23:45.083+08:00] screenshotBase64 end, cost: 22ms
[2026-09-03T16:23:49.647+08:00] screenshotBase64 begin
[2026-09-03T16:23:49.666+08:00] screenshotBase64 end, cost: 19ms
[2026-09-03T16:23:52.959+08:00] screenshotBase64 begin
[2026-09-03T16:23:52.982+08:00] screenshotBase64 end, cost: 23ms
[2026-09-03T16:23:53.186+08:00] mouse move to 211, 437
[2026-09-03T16:23:53.188+08:00] mouse click 211, 437, left, 1
[2026-09-03T16:23:53.491+08:00] waitForNavigation begin at moment afterInvokeAction with timeout: 5000 and actionName: Tap
[2026-09-03T16:23:53.492+08:00] waitForNetworkIdle begin at moment afterInvokeAction with timeout: 2000 and concurrency: 2 and actionName: Tap
[2026-09-03T16:23:53.495+08:00] waitForNavigation end
[2026-09-03T16:23:53.692+08:00] waitForNetworkIdle end
[2026-09-03T16:23:53.692+08:00] screenshotBase64 begin
[2026-09-03T16:23:53.715+08:00] screenshotBase64 end, cost: 23ms
[2026-09-03T16:23:57.488+08:00] screenshotBase64 begin
[2026-09-03T16:23:57.516+08:00] screenshotBase64 end, cost: 27ms
[2026-09-03T16:24:00.752+08:00] screenshotBase64 begin
[2026-09-03T16:24:00.768+08:00] screenshotBase64 end, cost: 16ms
[2026-09-03T16:24:00.970+08:00] mouse move to 210, 415
[2026-09-03T16:24:00.971+08:00] mouse click 210, 415, left, 1
[2026-09-03T16:24:01.273+08:00] waitForNavigation begin at moment afterInvokeAction with timeout: 5000 and actionName: Tap
[2026-09-03T16:24:01.273+08:00] waitForNetworkIdle begin at moment afterInvokeAction with timeout: 2000 and concurrency: 2 and actionName: Tap
[2026-09-03T16:24:01.276+08:00] waitForNavigation end
[2026-09-03T16:24:01.474+08:00] waitForNetworkIdle end
[2026-09-03T16:24:01.474+08:00] screenshotBase64 begin
[2026-09-03T16:24:01.498+08:00] screenshotBase64 end, cost: 24ms
[2026-09-03T16:24:06.381+08:00] screenshotBase64 begin
[2026-09-03T16:24:06.398+08:00] screenshotBase64 end, cost: 17ms
[2026-09-03T16:24:09.370+08:00] screenshotBase64 begin
[2026-09-03T16:24:09.398+08:00] screenshotBase64 end, cost: 28ms
[2026-09-03T16:24:09.601+08:00] mouse move to 260, 437
[2026-09-03T16:24:09.602+08:00] mouse click 260, 437, left, 1
[2026-09-03T16:24:09.904+08:00] waitForNavigation begin at moment afterInvokeAction with timeout: 5000 and actionName: Tap
[2026-09-03T16:24:09.904+08:00] waitForNetworkIdle begin at moment afterInvokeAction with timeout: 2000 and concurrency: 2 and actionName: Tap
[2026-09-03T16:24:09.908+08:00] waitForNavigation end
[2026-09-03T16:24:10.106+08:00] waitForNetworkIdle end
[2026-09-03T16:24:10.106+08:00] screenshotBase64 begin
[2026-09-03T16:24:10.132+08:00] screenshotBase64 end, cost: 26ms
[2026-09-03T16:24:12.906+08:00] screenshotBase64 begin
[2026-09-03T16:24:12.931+08:00] screenshotBase64 end, cost: 25ms
[2026-09-03T16:24:15.549+08:00] screenshotBase64 begin
[2026-09-03T16:24:15.565+08:00] screenshotBase64 end, cost: 16ms
[2026-09-03T16:24:15.768+08:00] mouse move to 380, 438
[2026-09-03T16:24:15.768+08:00] mouse click 380, 438, left, 1
[2026-09-03T16:24:16.073+08:00] waitForNavigation begin at moment afterInvokeAction with timeout: 5000 and actionName: Tap
[2026-09-03T16:24:16.073+08:00] waitForNetworkIdle begin at moment afterInvokeAction with timeout: 2000 and concurrency: 2 and actionName: Tap
[2026-09-03T16:24:16.076+08:00] waitForNavigation end
[2026-09-03T16:24:16.274+08:00] waitForNetworkIdle end
[2026-09-03T16:24:16.274+08:00] screenshotBase64 begin
[2026-09-03T16:24:16.297+08:00] screenshotBase64 end, cost: 23ms
[2026-09-03T16:24:20.223+08:00] screenshotBase64 begin
[2026-09-03T16:24:20.249+08:00] screenshotBase64 end, cost: 25ms
[2026-09-03T16:24:23.546+08:00] screenshotBase64 begin
[2026-09-03T16:24:23.569+08:00] screenshotBase64 end, cost: 23ms
[2026-09-03T16:24:23.781+08:00] mouse move to 380, 437
[2026-09-03T16:24:23.786+08:00] mouse click 380, 437, left, 1
[2026-09-03T16:24:24.092+08:00] waitForNavigation begin at moment afterInvokeAction with timeout: 5000 and actionName: Tap
[2026-09-03T16:24:24.093+08:00] waitForNetworkIdle begin at moment afterInvokeAction with timeout: 2000 and concurrency: 2 and actionName: Tap
[2026-09-03T16:24:24.102+08:00] waitForNavigation end
[2026-09-03T16:24:24.295+08:00] waitForNetworkIdle end
[2026-09-03T16:24:24.295+08:00] screenshotBase64 begin
[2026-09-03T16:24:24.314+08:00] screenshotBase64 end, cost: 19ms
[2026-09-03T16:24:28.544+08:00] screenshotBase64 begin
[2026-09-03T16:24:28.565+08:00] screenshotBase64 end, cost: 21ms
[2026-09-03T16:24:32.242+08:00] screenshotBase64 begin
[2026-09-03T16:24:32.265+08:00] screenshotBase64 end, cost: 23ms
[2026-09-03T16:24:32.469+08:00] mouse move to 380, 436
[2026-09-03T16:24:32.477+08:00] mouse click 380, 436, left, 1
[2026-09-03T16:24:32.798+08:00] waitForNavigation begin at moment afterInvokeAction with timeout: 5000 and actionName: Tap
[2026-09-03T16:24:32.798+08:00] waitForNetworkIdle begin at moment afterInvokeAction with timeout: 2000 and concurrency: 2 and actionName: Tap
[2026-09-03T16:24:32.804+08:00] waitForNavigation end
[2026-09-03T16:24:33.000+08:00] waitForNetworkIdle end
[2026-09-03T16:24:33.001+08:00] screenshotBase64 begin
[2026-09-03T16:24:33.013+08:00] screenshotBase64 end, cost: 12ms
[2026-09-03T16:24:36.797+08:00] screenshotBase64 begin
[2026-09-03T16:24:36.814+08:00] screenshotBase64 end, cost: 17ms
[2026-09-03T16:24:36.820+08:00] screenshotBase64 begin
[2026-09-03T16:24:36.847+08:00] screenshotBase64 end, cost: 27ms
[2026-09-03T16:25:20.429+08:00] Midscene - Added base-select appearance style for select elements because of forceChromeSelectRendering is enabled
[2026-09-03T16:25:20.435+08:00] evaluate function begin
[2026-09-03T16:25:20.436+08:00] evaluate function end
[2026-09-03T16:25:20.436+08:00] screenshotBase64 begin
[2026-09-03T16:25:20.476+08:00] screenshotBase64 end, cost: 40ms
[2026-09-03T16:25:23.757+08:00] screenshotBase64 begin
[2026-09-03T16:25:23.779+08:00] screenshotBase64 end, cost: 22ms
[2026-09-03T16:25:26.305+08:00] screenshotBase64 begin
[2026-09-03T16:25:26.330+08:00] screenshotBase64 end, cost: 25ms
[2026-09-03T16:25:26.534+08:00] evaluate function begin
[2026-09-03T16:25:26.536+08:00] evaluate function end
[2026-09-03T16:25:26.536+08:00] mouse move to 356, 674
[2026-09-03T16:25:26.541+08:00] mouse wheel 0, 500
[2026-09-03T16:25:27.356+08:00] waitForNavigation begin at moment afterInvokeAction with timeout: 5000 and actionName: Scroll
[2026-09-03T16:25:27.357+08:00] waitForNetworkIdle begin at moment afterInvokeAction with timeout: 2000 and concurrency: 2 and actionName: Scroll
[2026-09-03T16:25:27.364+08:00] waitForNavigation end
[2026-09-03T16:25:27.558+08:00] waitForNetworkIdle end
[2026-09-03T16:25:27.558+08:00] screenshotBase64 begin
[2026-09-03T16:25:27.579+08:00] screenshotBase64 end, cost: 21ms
[2026-09-03T16:25:31.223+08:00] screenshotBase64 begin
[2026-09-03T16:25:31.245+08:00] screenshotBase64 end, cost: 22ms
[2026-09-03T16:25:34.776+08:00] screenshotBase64 begin
[2026-09-03T16:25:34.801+08:00] screenshotBase64 end, cost: 25ms
[2026-09-03T16:25:35.009+08:00] mouse move to 244, 278
[2026-09-03T16:25:35.011+08:00] mouse click 244, 278, left, 1
[2026-09-03T16:25:35.325+08:00] waitForNavigation begin at moment afterInvokeAction with timeout: 5000 and actionName: Tap
[2026-09-03T16:25:35.326+08:00] waitForNetworkIdle begin at moment afterInvokeAction with timeout: 2000 and concurrency: 2 and actionName: Tap
[2026-09-03T16:25:35.329+08:00] waitForNavigation end
[2026-09-03T16:25:35.527+08:00] waitForNetworkIdle end
[2026-09-03T16:25:35.527+08:00] screenshotBase64 begin
[2026-09-03T16:25:35.546+08:00] screenshotBase64 end, cost: 19ms
[2026-09-03T16:25:38.309+08:00] screenshotBase64 begin
[2026-09-03T16:25:38.332+08:00] screenshotBase64 end, cost: 23ms
[2026-09-03T16:25:38.340+08:00] screenshotBase64 begin
[2026-09-03T16:25:38.379+08:00] screenshotBase64 end, cost: 39ms
[2026-09-03T16:26:36.941+08:00] Midscene - Added base-select appearance style for select elements because of forceChromeSelectRendering is enabled
[2026-09-03T16:26:36.951+08:00] evaluate function begin
[2026-09-03T16:26:36.953+08:00] evaluate function end
[2026-09-03T16:26:36.953+08:00] screenshotBase64 begin
[2026-09-03T16:26:36.990+08:00] screenshotBase64 end, cost: 37ms
[2026-09-03T16:26:40.436+08:00] screenshotBase64 begin
[2026-09-03T16:26:40.462+08:00] screenshotBase64 end, cost: 26ms
[2026-09-03T16:26:43.346+08:00] screenshotBase64 begin
[2026-09-03T16:26:43.441+08:00] screenshotBase64 end, cost: 95ms
[2026-09-03T16:26:43.655+08:00] evaluate function begin
[2026-09-03T16:26:43.662+08:00] evaluate function end
[2026-09-03T16:26:43.662+08:00] mouse move to 712, 370
[2026-09-03T16:26:43.670+08:00] mouse wheel 0, 650
[2026-09-03T16:26:44.490+08:00] waitForNavigation begin at moment afterInvokeAction with timeout: 5000 and actionName: Scroll
[2026-09-03T16:26:44.491+08:00] waitForNetworkIdle begin at moment afterInvokeAction with timeout: 2000 and concurrency: 2 and actionName: Scroll
[2026-09-03T16:26:44.502+08:00] waitForNavigation end
[2026-09-03T16:26:44.693+08:00] waitForNetworkIdle end
[2026-09-03T16:26:44.694+08:00] screenshotBase64 begin
[2026-09-03T16:26:44.716+08:00] screenshotBase64 end, cost: 22ms
[2026-09-03T16:26:49.040+08:00] screenshotBase64 begin
[2026-09-03T16:26:49.064+08:00] screenshotBase64 end, cost: 23ms
[2026-09-03T16:26:49.069+08:00] screenshotBase64 begin
[2026-09-03T16:26:49.111+08:00] screenshotBase64 end, cost: 42ms
[2026-09-03T16:27:27.433+08:00] Midscene - Added base-select appearance style for select elements because of forceChromeSelectRendering is enabled
[2026-09-03T16:27:27.441+08:00] evaluate function begin
[2026-09-03T16:27:27.442+08:00] evaluate function end
[2026-09-03T16:27:27.442+08:00] screenshotBase64 begin
[2026-09-03T16:27:27.488+08:00] screenshotBase64 end, cost: 46ms
[2026-09-03T16:27:32.106+08:00] screenshotBase64 begin
[2026-09-03T16:27:32.139+08:00] screenshotBase64 end, cost: 33ms
[2026-09-03T16:27:54.547+08:00] screenshotBase64 begin
[2026-09-03T16:27:54.582+08:00] screenshotBase64 end, cost: 35ms
[2026-09-03T16:27:54.790+08:00] evaluate function begin
[2026-09-03T16:27:54.792+08:00] evaluate function end
[2026-09-03T16:27:54.792+08:00] mouse move to 260, 573
[2026-09-03T16:27:54.794+08:00] mouse wheel 0, 450
[2026-09-03T16:27:55.604+08:00] waitForNavigation begin at moment afterInvokeAction with timeout: 5000 and actionName: Scroll
[2026-09-03T16:27:55.605+08:00] waitForNetworkIdle begin at moment afterInvokeAction with timeout: 2000 and concurrency: 2 and actionName: Scroll
[2026-09-03T16:27:55.612+08:00] waitForNavigation end
[2026-09-03T16:27:55.807+08:00] waitForNetworkIdle end
[2026-09-03T16:27:55.807+08:00] screenshotBase64 begin
[2026-09-03T16:27:55.826+08:00] screenshotBase64 end, cost: 19ms
[2026-09-03T16:28:01.075+08:00] screenshotBase64 begin
[2026-09-03T16:28:01.678+08:00] screenshotBase64 end, cost: 603ms
[2026-09-03T16:28:04.695+08:00] screenshotBase64 begin
[2026-09-03T16:28:04.711+08:00] screenshotBase64 end, cost: 16ms
[2026-09-03T16:28:07.492+08:00] screenshotBase64 begin
[2026-09-03T16:28:07.510+08:00] screenshotBase64 end, cost: 18ms
[2026-09-03T16:28:07.719+08:00] begin mouse drag from 155, 489 to 372, 489
[2026-09-03T16:28:09.238+08:00] end mouse drag from 155, 489 to 372, 489
[2026-09-03T16:28:09.539+08:00] waitForNavigation begin at moment afterInvokeAction with timeout: 5000 and actionName: DragAndDrop
[2026-09-03T16:28:09.540+08:00] waitForNetworkIdle begin at moment afterInvokeAction with timeout: 2000 and concurrency: 2 and actionName: DragAndDrop
[2026-09-03T16:28:09.545+08:00] waitForNavigation end
[2026-09-03T16:28:09.741+08:00] waitForNetworkIdle end
[2026-09-03T16:28:09.741+08:00] screenshotBase64 begin
[2026-09-03T16:28:09.759+08:00] screenshotBase64 end, cost: 18ms
[2026-09-03T16:28:13.328+08:00] screenshotBase64 begin
[2026-09-03T16:28:13.342+08:00] screenshotBase64 end, cost: 14ms
[2026-09-03T16:28:13.347+08:00] screenshotBase64 begin
[2026-09-03T16:28:13.376+08:00] screenshotBase64 end, cost: 29ms
[2026-09-03T16:34:56.458+08:00] Midscene - Added base-select appearance style for select elements because of forceChromeSelectRendering is enabled
[2026-09-03T16:34:56.463+08:00] evaluate function begin
[2026-09-03T16:34:56.464+08:00] evaluate function end
[2026-09-03T16:34:56.464+08:00] screenshotBase64 begin
[2026-09-03T16:34:56.498+08:00] screenshotBase64 end, cost: 34ms
[2026-09-03T16:35:00.270+08:00] screenshotBase64 begin
[2026-09-03T16:35:00.286+08:00] screenshotBase64 end, cost: 16ms
[2026-09-03T16:35:00.541+08:00] reload page
[2026-09-03T16:35:00.808+08:00] Midscene - Added base-select appearance style for select elements because of forceChromeSelectRendering is enabled
[2026-09-03T16:35:01.099+08:00] waitForNavigation begin at moment afterInvokeAction with timeout: 5000 and actionName: Reload
[2026-09-03T16:35:01.100+08:00] waitForNetworkIdle begin at moment afterInvokeAction with timeout: 2000 and concurrency: 2 and actionName: Reload
[2026-09-03T16:35:01.107+08:00] waitForNavigation end
[2026-09-03T16:35:01.303+08:00] waitForNetworkIdle end
[2026-09-03T16:35:01.305+08:00] screenshotBase64 begin
[2026-09-03T16:35:01.352+08:00] screenshotBase64 end, cost: 47ms
[2026-09-03T16:35:05.065+08:00] screenshotBase64 begin
[2026-09-03T16:35:05.084+08:00] screenshotBase64 end, cost: 19ms
[2026-09-03T16:35:05.293+08:00] mouse move to 720, 356
[2026-09-03T16:35:05.309+08:00] mouse wheel 0, -9999999
[2026-09-03T16:35:05.628+08:00] waitForNavigation begin at moment afterInvokeAction with timeout: 5000 and actionName: Scroll
[2026-09-03T16:35:05.628+08:00] waitForNetworkIdle begin at moment afterInvokeAction with timeout: 2000 and concurrency: 2 and actionName: Scroll
[2026-09-03T16:35:05.631+08:00] waitForNavigation end
[2026-09-03T16:35:05.829+08:00] waitForNetworkIdle end
[2026-09-03T16:35:05.829+08:00] screenshotBase64 begin
[2026-09-03T16:35:05.887+08:00] screenshotBase64 end, cost: 58ms
[2026-09-03T16:35:09.592+08:00] screenshotBase64 begin
[2026-09-03T16:35:09.621+08:00] screenshotBase64 end, cost: 29ms
[2026-09-03T16:35:09.832+08:00] evaluate function begin
[2026-09-03T16:35:09.833+08:00] evaluate function end
[2026-09-03T16:35:09.833+08:00] mouse wheel 0, 300
[2026-09-03T16:35:10.636+08:00] waitForNavigation begin at moment afterInvokeAction with timeout: 5000 and actionName: Scroll
[2026-09-03T16:35:10.636+08:00] waitForNetworkIdle begin at moment afterInvokeAction with timeout: 2000 and concurrency: 2 and actionName: Scroll
[2026-09-03T16:35:10.640+08:00] waitForNavigation end
[2026-09-03T16:35:10.838+08:00] waitForNetworkIdle end
[2026-09-03T16:35:10.838+08:00] screenshotBase64 begin
[2026-09-03T16:35:10.852+08:00] screenshotBase64 end, cost: 14ms
[2026-09-03T16:35:15.814+08:00] screenshotBase64 begin
[2026-09-03T16:35:15.844+08:00] screenshotBase64 end, cost: 30ms
[2026-09-03T16:35:16.060+08:00] evaluate function begin
[2026-09-03T16:35:16.061+08:00] evaluate function end
[2026-09-03T16:35:16.061+08:00] mouse wheel 0, -250
[2026-09-03T16:35:16.864+08:00] waitForNavigation begin at moment afterInvokeAction with timeout: 5000 and actionName: Scroll
[2026-09-03T16:35:16.864+08:00] waitForNetworkIdle begin at moment afterInvokeAction with timeout: 2000 and concurrency: 2 and actionName: Scroll
[2026-09-03T16:35:16.868+08:00] waitForNavigation end
[2026-09-03T16:35:17.066+08:00] waitForNetworkIdle end
[2026-09-03T16:35:17.066+08:00] screenshotBase64 begin
[2026-09-03T16:35:17.084+08:00] screenshotBase64 end, cost: 18ms
[2026-09-03T16:35:21.395+08:00] screenshotBase64 begin
[2026-09-03T16:35:21.420+08:00] screenshotBase64 end, cost: 25ms
[2026-09-03T16:35:30.513+08:00] screenshotBase64 begin
[2026-09-03T16:35:30.552+08:00] screenshotBase64 end, cost: 39ms
[2026-09-03T16:35:30.755+08:00] mouse move to 759, 194
[2026-09-03T16:35:30.757+08:00] mouse click 759, 194, left, 1
[2026-09-03T16:35:31.068+08:00] waitForNavigation begin at moment afterInvokeAction with timeout: 5000 and actionName: Tap
[2026-09-03T16:35:31.069+08:00] waitForNetworkIdle begin at moment afterInvokeAction with timeout: 2000 and concurrency: 2 and actionName: Tap
[2026-09-03T16:35:31.072+08:00] waitForNavigation end
[2026-09-03T16:35:31.271+08:00] waitForNetworkIdle end
[2026-09-03T16:35:31.271+08:00] screenshotBase64 begin
[2026-09-03T16:35:31.284+08:00] screenshotBase64 end, cost: 13ms
[2026-09-03T16:35:35.734+08:00] screenshotBase64 begin
[2026-09-03T16:35:35.750+08:00] screenshotBase64 end, cost: 16ms
[2026-09-03T16:35:35.957+08:00] mouse wheel 0, 9999999
[2026-09-03T16:35:36.261+08:00] waitForNavigation begin at moment afterInvokeAction with timeout: 5000 and actionName: Scroll
[2026-09-03T16:35:36.261+08:00] waitForNetworkIdle begin at moment afterInvokeAction with timeout: 2000 and concurrency: 2 and actionName: Scroll
[2026-09-03T16:35:36.264+08:00] waitForNavigation end
[2026-09-03T16:35:36.462+08:00] waitForNetworkIdle end
[2026-09-03T16:35:36.462+08:00] screenshotBase64 begin
[2026-09-03T16:35:36.520+08:00] screenshotBase64 end, cost: 58ms
[2026-09-03T16:36:04.363+08:00] screenshotBase64 begin
[2026-09-03T16:36:04.364+08:00] Midscene - Added base-select appearance style for select elements because of forceChromeSelectRendering is enabled
[2026-09-03T16:36:04.418+08:00] screenshotBase64 end, cost: 55ms
[2026-09-03T16:36:30.980+08:00] Midscene - Added base-select appearance style for select elements because of forceChromeSelectRendering is enabled
[2026-09-03T16:36:30.995+08:00] evaluate function begin
[2026-09-03T16:36:30.997+08:00] evaluate function end
[2026-09-03T16:36:30.997+08:00] screenshotBase64 begin
[2026-09-03T16:36:31.066+08:00] screenshotBase64 end, cost: 69ms
[2026-09-03T16:36:48.902+08:00] screenshotBase64 begin
[2026-09-03T16:36:48.918+08:00] screenshotBase64 end, cost: 16ms
[2026-09-03T16:36:52.026+08:00] screenshotBase64 begin
[2026-09-03T16:36:52.051+08:00] screenshotBase64 end, cost: 25ms
[2026-09-03T16:36:52.256+08:00] mouse move to 762, 241
[2026-09-03T16:36:52.275+08:00] mouse click 762, 241, left, 1
[2026-09-03T16:36:52.594+08:00] waitForNavigation begin at moment afterInvokeAction with timeout: 5000 and actionName: Tap
[2026-09-03T16:36:52.596+08:00] waitForNetworkIdle begin at moment afterInvokeAction with timeout: 2000 and concurrency: 2 and actionName: Tap
[2026-09-03T16:36:52.608+08:00] waitForNavigation end
[2026-09-03T16:36:52.799+08:00] waitForNetworkIdle end
[2026-09-03T16:36:52.799+08:00] screenshotBase64 begin
[2026-09-03T16:36:52.814+08:00] screenshotBase64 end, cost: 15ms
[2026-09-03T16:36:58.086+08:00] screenshotBase64 begin
[2026-09-03T16:36:58.098+08:00] screenshotBase64 end, cost: 12ms
[2026-09-03T16:37:01.552+08:00] screenshotBase64 begin
[2026-09-03T16:37:01.569+08:00] screenshotBase64 end, cost: 17ms
[2026-09-03T16:37:01.771+08:00] mouse move to 717, 399
[2026-09-03T16:37:01.772+08:00] mouse wheel 0, 9999999
[2026-09-03T16:37:02.090+08:00] waitForNavigation begin at moment afterInvokeAction with timeout: 5000 and actionName: Scroll
[2026-09-03T16:37:02.091+08:00] waitForNetworkIdle begin at moment afterInvokeAction with timeout: 2000 and concurrency: 2 and actionName: Scroll
[2026-09-03T16:37:02.094+08:00] waitForNavigation end
[2026-09-03T16:37:02.291+08:00] waitForNetworkIdle end
[2026-09-03T16:37:02.291+08:00] screenshotBase64 begin
[2026-09-03T16:37:02.352+08:00] screenshotBase64 end, cost: 61ms
[2026-09-03T16:37:04.557+08:00] screenshotBase64 begin
[2026-09-03T16:37:04.581+08:00] screenshotBase64 end, cost: 24ms
[2026-09-03T16:37:04.586+08:00] screenshotBase64 begin
[2026-09-03T16:37:04.613+08:00] screenshotBase64 end, cost: 27ms
[2026-09-03T16:37:40.759+08:00] Midscene - Added base-select appearance style for select elements because of forceChromeSelectRendering is enabled
[2026-09-03T16:37:40.764+08:00] evaluate function begin
[2026-09-03T16:37:40.765+08:00] evaluate function end
[2026-09-03T16:37:40.765+08:00] screenshotBase64 begin
[2026-09-03T16:37:40.801+08:00] screenshotBase64 end, cost: 36ms
[2026-09-03T16:37:44.477+08:00] screenshotBase64 begin
[2026-09-03T16:37:44.497+08:00] screenshotBase64 end, cost: 20ms
[2026-09-03T16:37:47.788+08:00] screenshotBase64 begin
[2026-09-03T16:37:47.815+08:00] screenshotBase64 end, cost: 27ms
[2026-09-03T16:37:48.020+08:00] evaluate function begin
[2026-09-03T16:37:48.021+08:00] evaluate function end
[2026-09-03T16:37:48.021+08:00] mouse move to 377, 315
[2026-09-03T16:37:48.025+08:00] mouse wheel 0, -600
[2026-09-03T16:37:48.842+08:00] waitForNavigation begin at moment afterInvokeAction with timeout: 5000 and actionName: Scroll
[2026-09-03T16:37:48.843+08:00] waitForNetworkIdle begin at moment afterInvokeAction with timeout: 2000 and concurrency: 2 and actionName: Scroll
[2026-09-03T16:37:48.849+08:00] waitForNavigation end
[2026-09-03T16:37:49.045+08:00] waitForNetworkIdle end
[2026-09-03T16:37:49.045+08:00] screenshotBase64 begin
[2026-09-03T16:37:49.068+08:00] screenshotBase64 end, cost: 23ms
[2026-09-03T16:37:52.449+08:00] screenshotBase64 begin
[2026-09-03T16:37:52.470+08:00] screenshotBase64 end, cost: 21ms
[2026-09-03T16:37:55.795+08:00] screenshotBase64 begin
[2026-09-03T16:37:55.814+08:00] screenshotBase64 end, cost: 19ms
[2026-09-03T16:37:56.017+08:00] evaluate function begin
[2026-09-03T16:37:56.018+08:00] evaluate function end
[2026-09-03T16:37:56.018+08:00] mouse move to 712, 486
[2026-09-03T16:37:56.018+08:00] mouse wheel 0, -350
[2026-09-03T16:37:56.824+08:00] waitForNavigation begin at moment afterInvokeAction with timeout: 5000 and actionName: Scroll
[2026-09-03T16:37:56.825+08:00] waitForNetworkIdle begin at moment afterInvokeAction with timeout: 2000 and concurrency: 2 and actionName: Scroll
[2026-09-03T16:37:56.827+08:00] waitForNavigation end
[2026-09-03T16:37:57.026+08:00] waitForNetworkIdle end
[2026-09-03T16:37:57.026+08:00] screenshotBase64 begin
[2026-09-03T16:37:57.047+08:00] screenshotBase64 end, cost: 21ms
[2026-09-03T16:38:02.492+08:00] screenshotBase64 begin
[2026-09-03T16:38:02.513+08:00] screenshotBase64 end, cost: 21ms
[2026-09-03T16:38:02.518+08:00] screenshotBase64 begin
[2026-09-03T16:38:02.546+08:00] screenshotBase64 end, cost: 28ms
[2026-09-03T16:40:02.549+08:00] screenshotBase64 begin
[2026-09-03T16:40:02.550+08:00] Midscene - Added base-select appearance style for select elements because of forceChromeSelectRendering is enabled
[2026-09-03T16:40:02.597+08:00] screenshotBase64 end, cost: 48ms
[2026-09-03T16:40:06.309+08:00] Midscene - Added base-select appearance style for select elements because of forceChromeSelectRendering is enabled
[2026-09-03T16:40:06.322+08:00] evaluate function begin
[2026-09-03T16:40:06.324+08:00] evaluate function end
[2026-09-03T16:40:06.324+08:00] screenshotBase64 begin
[2026-09-03T16:40:06.365+08:00] screenshotBase64 end, cost: 41ms
[2026-09-03T16:40:10.369+08:00] screenshotBase64 begin
[2026-09-03T16:40:10.397+08:00] screenshotBase64 end, cost: 28ms
[2026-09-03T16:40:14.304+08:00] screenshotBase64 begin
[2026-09-03T16:40:14.364+08:00] screenshotBase64 end, cost: 60ms
[2026-09-03T16:40:14.575+08:00] mouse move to 762, 241
[2026-09-03T16:40:14.588+08:00] mouse click 762, 241, left, 1
[2026-09-03T16:40:15.559+08:00] waitForNavigation begin at moment afterInvokeAction with timeout: 5000 and actionName: Tap
[2026-09-03T16:40:15.560+08:00] waitForNetworkIdle begin at moment afterInvokeAction with timeout: 2000 and concurrency: 2 and actionName: Tap
[2026-09-03T16:40:15.568+08:00] waitForNavigation end
[2026-09-03T16:40:15.762+08:00] waitForNetworkIdle end
[2026-09-03T16:40:15.762+08:00] screenshotBase64 begin
[2026-09-03T16:40:15.777+08:00] screenshotBase64 end, cost: 15ms
[2026-09-03T16:40:33.245+08:00] screenshotBase64 begin
[2026-09-03T16:40:33.261+08:00] screenshotBase64 end, cost: 16ms
[2026-09-03T16:40:36.145+08:00] screenshotBase64 begin
[2026-09-03T16:40:36.164+08:00] screenshotBase64 end, cost: 19ms
[2026-09-03T16:40:36.368+08:00] evaluate function begin
[2026-09-03T16:40:36.369+08:00] evaluate function end
[2026-09-03T16:40:36.369+08:00] mouse move to 718, 480
[2026-09-03T16:40:36.371+08:00] mouse wheel 0, 600
[2026-09-03T16:40:37.189+08:00] waitForNavigation begin at moment afterInvokeAction with timeout: 5000 and actionName: Scroll
[2026-09-03T16:40:37.189+08:00] waitForNetworkIdle begin at moment afterInvokeAction with timeout: 2000 and concurrency: 2 and actionName: Scroll
[2026-09-03T16:40:37.193+08:00] waitForNavigation end
[2026-09-03T16:40:37.392+08:00] waitForNetworkIdle end
[2026-09-03T16:40:37.392+08:00] screenshotBase64 begin
[2026-09-03T16:40:37.412+08:00] screenshotBase64 end, cost: 20ms
[2026-09-03T16:40:40.860+08:00] screenshotBase64 begin
[2026-09-03T16:40:40.876+08:00] screenshotBase64 end, cost: 16ms
[2026-09-03T16:40:44.254+08:00] screenshotBase64 begin
[2026-09-03T16:40:44.280+08:00] screenshotBase64 end, cost: 26ms
[2026-09-03T16:40:44.485+08:00] evaluate function begin
[2026-09-03T16:40:44.486+08:00] evaluate function end
[2026-09-03T16:40:44.487+08:00] mouse move to 714, 393
[2026-09-03T16:40:44.488+08:00] mouse wheel 0, 600
[2026-09-03T16:40:45.302+08:00] waitForNavigation begin at moment afterInvokeAction with timeout: 5000 and actionName: Scroll
[2026-09-03T16:40:45.303+08:00] waitForNetworkIdle begin at moment afterInvokeAction with timeout: 2000 and concurrency: 2 and actionName: Scroll
[2026-09-03T16:40:45.306+08:00] waitForNavigation end
[2026-09-03T16:40:45.503+08:00] waitForNetworkIdle end
[2026-09-03T16:40:45.504+08:00] screenshotBase64 begin
[2026-09-03T16:40:45.527+08:00] screenshotBase64 end, cost: 23ms
[2026-09-03T16:40:49.092+08:00] screenshotBase64 begin
[2026-09-03T16:40:49.109+08:00] screenshotBase64 end, cost: 17ms
[2026-09-03T16:40:52.125+08:00] screenshotBase64 begin
[2026-09-03T16:40:52.144+08:00] screenshotBase64 end, cost: 19ms
[2026-09-03T16:40:52.347+08:00] evaluate function begin
[2026-09-03T16:40:52.348+08:00] evaluate function end
[2026-09-03T16:40:52.348+08:00] mouse move to 716, 466
[2026-09-03T16:40:52.349+08:00] mouse wheel 0, 350
[2026-09-03T16:40:53.153+08:00] waitForNavigation begin at moment afterInvokeAction with timeout: 5000 and actionName: Scroll
[2026-09-03T16:40:53.153+08:00] waitForNetworkIdle begin at moment afterInvokeAction with timeout: 2000 and concurrency: 2 and actionName: Scroll
[2026-09-03T16:40:53.156+08:00] waitForNavigation end
[2026-09-03T16:40:53.354+08:00] waitForNetworkIdle end
[2026-09-03T16:40:53.355+08:00] screenshotBase64 begin
[2026-09-03T16:40:53.378+08:00] screenshotBase64 end, cost: 23ms
[2026-09-03T16:40:58.234+08:00] screenshotBase64 begin
[2026-09-03T16:40:58.259+08:00] screenshotBase64 end, cost: 25ms
[2026-09-03T16:40:58.265+08:00] screenshotBase64 begin
[2026-09-03T16:40:58.290+08:00] screenshotBase64 end, cost: 26ms
[2026-09-03T16:44:32.655+08:00] screenshotBase64 begin
[2026-09-03T16:44:32.656+08:00] Midscene - Added base-select appearance style for select elements because of forceChromeSelectRendering is enabled
[2026-09-03T16:44:32.708+08:00] screenshotBase64 end, cost: 53ms
[2026-09-03T16:44:34.984+08:00] Midscene - Added base-select appearance style for select elements because of forceChromeSelectRendering is enabled
[2026-09-03T16:44:34.993+08:00] evaluate function begin
[2026-09-03T16:44:34.994+08:00] evaluate function end
[2026-09-03T16:44:34.994+08:00] screenshotBase64 begin
[2026-09-03T16:44:35.037+08:00] screenshotBase64 end, cost: 43ms
[2026-09-03T16:44:39.094+08:00] screenshotBase64 begin
[2026-09-03T16:44:39.161+08:00] screenshotBase64 end, cost: 67ms
[2026-09-03T16:44:42.312+08:00] screenshotBase64 begin
[2026-09-03T16:44:42.347+08:00] screenshotBase64 end, cost: 35ms
[2026-09-03T16:44:42.556+08:00] mouse move to 783, 243
[2026-09-03T16:44:42.557+08:00] mouse click 783, 243, left, 1
[2026-09-03T16:44:42.873+08:00] waitForNavigation begin at moment afterInvokeAction with timeout: 5000 and actionName: Tap
[2026-09-03T16:44:42.875+08:00] waitForNetworkIdle begin at moment afterInvokeAction with timeout: 2000 and concurrency: 2 and actionName: Tap
[2026-09-03T16:44:42.882+08:00] waitForNavigation end
[2026-09-03T16:44:43.076+08:00] waitForNetworkIdle end
[2026-09-03T16:44:43.076+08:00] screenshotBase64 begin
[2026-09-03T16:44:43.090+08:00] screenshotBase64 end, cost: 14ms
[2026-09-03T16:44:48.384+08:00] screenshotBase64 begin
[2026-09-03T16:44:48.407+08:00] screenshotBase64 end, cost: 23ms
[2026-09-03T16:44:52.403+08:00] screenshotBase64 begin
[2026-09-03T16:44:52.427+08:00] screenshotBase64 end, cost: 24ms
[2026-09-03T16:44:52.631+08:00] evaluate function begin
[2026-09-03T16:44:52.633+08:00] evaluate function end
[2026-09-03T16:44:52.633+08:00] mouse move to 718, 358
[2026-09-03T16:44:52.634+08:00] mouse wheel 0, 600
[2026-09-03T16:44:53.450+08:00] waitForNavigation begin at moment afterInvokeAction with timeout: 5000 and actionName: Scroll
[2026-09-03T16:44:53.450+08:00] waitForNetworkIdle begin at moment afterInvokeAction with timeout: 2000 and concurrency: 2 and actionName: Scroll
[2026-09-03T16:44:53.455+08:00] waitForNavigation end
[2026-09-03T16:44:53.655+08:00] waitForNetworkIdle end
[2026-09-03T16:44:53.656+08:00] screenshotBase64 begin
[2026-09-03T16:44:53.705+08:00] screenshotBase64 end, cost: 49ms
[2026-09-03T16:45:02.987+08:00] screenshotBase64 begin
[2026-09-03T16:45:03.005+08:00] screenshotBase64 end, cost: 18ms
[2026-09-03T16:45:09.291+08:00] screenshotBase64 begin
[2026-09-03T16:45:09.305+08:00] screenshotBase64 end, cost: 14ms
[2026-09-03T16:45:09.508+08:00] evaluate function begin
[2026-09-03T16:45:09.510+08:00] evaluate function end
[2026-09-03T16:45:09.510+08:00] mouse move to 718, 355
[2026-09-03T16:45:09.511+08:00] mouse wheel 0, 700
[2026-09-03T16:45:10.314+08:00] waitForNavigation begin at moment afterInvokeAction with timeout: 5000 and actionName: Scroll
[2026-09-03T16:45:10.314+08:00] waitForNetworkIdle begin at moment afterInvokeAction with timeout: 2000 and concurrency: 2 and actionName: Scroll
[2026-09-03T16:45:10.318+08:00] waitForNavigation end
[2026-09-03T16:45:10.516+08:00] waitForNetworkIdle end
[2026-09-03T16:45:10.516+08:00] screenshotBase64 begin
[2026-09-03T16:45:10.538+08:00] screenshotBase64 end, cost: 22ms
[2026-09-03T16:45:13.812+08:00] screenshotBase64 begin
[2026-09-03T16:45:13.840+08:00] screenshotBase64 end, cost: 28ms
[2026-09-03T16:45:16.459+08:00] screenshotBase64 begin
[2026-09-03T16:45:16.471+08:00] screenshotBase64 end, cost: 12ms
[2026-09-03T16:45:16.674+08:00] mouse move to 563, 558
[2026-09-03T16:45:16.675+08:00] mouse click 563, 558, left, 1
[2026-09-03T16:45:16.980+08:00] waitForNavigation begin at moment afterInvokeAction with timeout: 5000 and actionName: Tap
[2026-09-03T16:45:16.980+08:00] waitForNetworkIdle begin at moment afterInvokeAction with timeout: 2000 and concurrency: 2 and actionName: Tap
[2026-09-03T16:45:16.983+08:00] waitForNavigation end
[2026-09-03T16:45:17.182+08:00] waitForNetworkIdle end
[2026-09-03T16:45:17.182+08:00] screenshotBase64 begin
[2026-09-03T16:45:17.212+08:00] screenshotBase64 end, cost: 30ms
[2026-09-03T16:45:38.545+08:00] screenshotBase64 begin
[2026-09-03T16:45:38.571+08:00] screenshotBase64 end, cost: 26ms
[2026-09-03T16:45:38.577+08:00] screenshotBase64 begin
[2026-09-03T16:45:38.603+08:00] screenshotBase64 end, cost: 26ms
[2026-09-03T16:46:27.697+08:00] Midscene - Added base-select appearance style for select elements because of forceChromeSelectRendering is enabled
[2026-09-03T16:46:27.703+08:00] evaluate function begin
[2026-09-03T16:46:27.703+08:00] evaluate function end
[2026-09-03T16:46:27.703+08:00] screenshotBase64 begin
[2026-09-03T16:46:27.737+08:00] screenshotBase64 end, cost: 34ms
[2026-09-03T16:46:31.058+08:00] screenshotBase64 begin
[2026-09-03T16:46:31.067+08:00] screenshotBase64 end, cost: 9ms
[2026-09-03T16:46:34.362+08:00] screenshotBase64 begin
[2026-09-03T16:46:34.385+08:00] screenshotBase64 end, cost: 23ms
[2026-09-03T16:46:34.586+08:00] evaluate function begin
[2026-09-03T16:46:34.587+08:00] evaluate function end
[2026-09-03T16:46:34.587+08:00] mouse move to 717, 391
[2026-09-03T16:46:34.589+08:00] mouse wheel 0, 300
[2026-09-03T16:46:35.397+08:00] waitForNavigation begin at moment afterInvokeAction with timeout: 5000 and actionName: Scroll
[2026-09-03T16:46:35.398+08:00] waitForNetworkIdle begin at moment afterInvokeAction with timeout: 2000 and concurrency: 2 and actionName: Scroll
[2026-09-03T16:46:35.403+08:00] waitForNavigation end
[2026-09-03T16:46:35.600+08:00] waitForNetworkIdle end
[2026-09-03T16:46:35.601+08:00] screenshotBase64 begin
[2026-09-03T16:46:35.619+08:00] screenshotBase64 end, cost: 18ms
[2026-09-03T16:46:41.977+08:00] screenshotBase64 begin
[2026-09-03T16:46:42.002+08:00] screenshotBase64 end, cost: 25ms
[2026-09-03T16:46:42.011+08:00] screenshotBase64 begin
[2026-09-03T16:46:42.052+08:00] screenshotBase64 end, cost: 41ms
[2026-09-03T17:35:56.930+08:00] screenshotBase64 begin
[2026-09-03T17:35:56.933+08:00] Midscene - Added base-select appearance style for select elements because of forceChromeSelectRendering is enabled
[2026-09-03T17:35:56.934+08:00] Midscene - Added base-select appearance style for select elements because of forceChromeSelectRendering is enabled
[2026-09-03T17:35:56.998+08:00] screenshotBase64 end, cost: 68ms
[2026-09-03T17:35:59.927+08:00] Midscene - Added base-select appearance style for select elements because of forceChromeSelectRendering is enabled
[2026-09-03T17:35:59.941+08:00] evaluate function begin
[2026-09-03T17:35:59.942+08:00] evaluate function end
[2026-09-03T17:35:59.942+08:00] screenshotBase64 begin
[2026-09-03T17:35:59.985+08:00] screenshotBase64 end, cost: 43ms
[2026-09-03T17:36:04.338+08:00] screenshotBase64 begin
[2026-09-03T17:36:04.363+08:00] screenshotBase64 end, cost: 25ms
[2026-09-03T17:36:06.849+08:00] screenshotBase64 begin
[2026-09-03T17:36:06.882+08:00] screenshotBase64 end, cost: 33ms
[2026-09-03T17:36:07.087+08:00] mouse move to 859, 243
[2026-09-03T17:36:07.091+08:00] mouse click 859, 243, left, 1
[2026-09-03T17:36:07.413+08:00] waitForNavigation begin at moment afterInvokeAction with timeout: 5000 and actionName: Tap
[2026-09-03T17:36:07.414+08:00] waitForNetworkIdle begin at moment afterInvokeAction with timeout: 2000 and concurrency: 2 and actionName: Tap
[2026-09-03T17:36:07.429+08:00] waitForNavigation end
[2026-09-03T17:36:07.615+08:00] waitForNetworkIdle end
[2026-09-03T17:36:07.616+08:00] screenshotBase64 begin
[2026-09-03T17:36:07.644+08:00] screenshotBase64 end, cost: 28ms
[2026-09-03T17:36:13.512+08:00] screenshotBase64 begin
[2026-09-03T17:36:13.527+08:00] screenshotBase64 end, cost: 15ms
[2026-09-03T17:36:13.532+08:00] screenshotBase64 begin
[2026-09-03T17:36:13.560+08:00] screenshotBase64 end, cost: 28ms
[2026-09-03T17:36:59.919+08:00] Midscene - Added base-select appearance style for select elements because of forceChromeSelectRendering is enabled
[2026-09-03T17:36:59.952+08:00] evaluate function begin
[2026-09-03T17:36:59.953+08:00] evaluate function end
[2026-09-03T17:36:59.953+08:00] screenshotBase64 begin
[2026-09-03T17:36:59.977+08:00] screenshotBase64 end, cost: 24ms
[2026-09-03T17:37:05.538+08:00] screenshotBase64 begin
[2026-09-03T17:37:05.563+08:00] screenshotBase64 end, cost: 24ms
[2026-09-03T17:37:09.192+08:00] screenshotBase64 begin
[2026-09-03T17:37:09.229+08:00] screenshotBase64 end, cost: 37ms
[2026-09-03T17:37:09.439+08:00] evaluate function begin
[2026-09-03T17:37:09.441+08:00] evaluate function end
[2026-09-03T17:37:09.441+08:00] mouse move to 716, 370
[2026-09-03T17:37:09.443+08:00] mouse wheel 0, 520
[2026-09-03T17:37:10.251+08:00] waitForNavigation begin at moment afterInvokeAction with timeout: 5000 and actionName: Scroll
[2026-09-03T17:37:10.252+08:00] waitForNetworkIdle begin at moment afterInvokeAction with timeout: 2000 and concurrency: 2 and actionName: Scroll
[2026-09-03T17:37:10.273+08:00] waitForNavigation end
[2026-09-03T17:37:10.456+08:00] waitForNetworkIdle end
[2026-09-03T17:37:10.456+08:00] screenshotBase64 begin
[2026-09-03T17:37:10.477+08:00] screenshotBase64 end, cost: 21ms
[2026-09-03T17:37:14.531+08:00] screenshotBase64 begin
[2026-09-03T17:37:14.557+08:00] screenshotBase64 end, cost: 26ms
[2026-09-03T17:37:17.687+08:00] screenshotBase64 begin
[2026-09-03T17:37:17.706+08:00] screenshotBase64 end, cost: 19ms
[2026-09-03T17:37:17.909+08:00] evaluate function begin
[2026-09-03T17:37:17.910+08:00] evaluate function end
[2026-09-03T17:37:17.910+08:00] mouse move to 718, 354
[2026-09-03T17:37:17.910+08:00] mouse wheel 0, 360
[2026-09-03T17:37:18.717+08:00] waitForNavigation begin at moment afterInvokeAction with timeout: 5000 and actionName: Scroll
[2026-09-03T17:37:18.717+08:00] waitForNetworkIdle begin at moment afterInvokeAction with timeout: 2000 and concurrency: 2 and actionName: Scroll
[2026-09-03T17:37:18.719+08:00] waitForNavigation end
[2026-09-03T17:37:18.919+08:00] waitForNetworkIdle end
[2026-09-03T17:37:18.919+08:00] screenshotBase64 begin
[2026-09-03T17:37:18.940+08:00] screenshotBase64 end, cost: 21ms
[2026-09-03T17:37:23.074+08:00] screenshotBase64 begin
[2026-09-03T17:37:23.089+08:00] screenshotBase64 end, cost: 15ms
[2026-09-03T17:37:23.102+08:00] screenshotBase64 begin
[2026-09-03T17:37:23.140+08:00] screenshotBase64 end, cost: 38ms
[2026-09-03T17:38:05.144+08:00] Midscene - Added base-select appearance style for select elements because of forceChromeSelectRendering is enabled
[2026-09-03T17:38:05.175+08:00] evaluate function begin
[2026-09-03T17:38:05.177+08:00] evaluate function end
[2026-09-03T17:38:05.178+08:00] screenshotBase64 begin
[2026-09-03T17:38:05.211+08:00] screenshotBase64 end, cost: 33ms
[2026-09-03T17:38:09.247+08:00] screenshotBase64 begin
[2026-09-03T17:38:09.278+08:00] screenshotBase64 end, cost: 31ms
[2026-09-03T17:38:12.089+08:00] screenshotBase64 begin
[2026-09-03T17:38:12.127+08:00] screenshotBase64 end, cost: 38ms
[2026-09-03T17:38:12.336+08:00] mouse move to 143, 287
[2026-09-03T17:38:12.338+08:00] mouse click 143, 287, left, 1
[2026-09-03T17:38:13.695+08:00] waitForNavigation begin at moment afterInvokeAction with timeout: 5000 and actionName: Tap
[2026-09-03T17:38:13.697+08:00] waitForNetworkIdle begin at moment afterInvokeAction with timeout: 2000 and concurrency: 2 and actionName: Tap
[2026-09-03T17:38:13.707+08:00] waitForNavigation end
[2026-09-03T17:38:13.900+08:00] waitForNetworkIdle end
[2026-09-03T17:38:13.900+08:00] screenshotBase64 begin
[2026-09-03T17:38:13.926+08:00] screenshotBase64 end, cost: 26ms
[2026-09-03T17:38:16.975+08:00] screenshotBase64 begin
[2026-09-03T17:38:17.014+08:00] screenshotBase64 end, cost: 39ms
[2026-09-03T17:38:17.025+08:00] screenshotBase64 begin
[2026-09-03T17:38:17.063+08:00] screenshotBase64 end, cost: 37ms
[2026-09-03T17:38:21.240+08:00] Midscene - Added base-select appearance style for select elements because of forceChromeSelectRendering is enabled
[2026-09-03T17:38:21.263+08:00] evaluate function begin
[2026-09-03T17:38:21.264+08:00] evaluate function end
[2026-09-03T17:38:21.264+08:00] screenshotBase64 begin
[2026-09-03T17:38:21.316+08:00] screenshotBase64 end, cost: 52ms
[2026-09-03T17:38:25.093+08:00] screenshotBase64 begin
[2026-09-03T17:38:25.128+08:00] screenshotBase64 end, cost: 34ms
[2026-09-03T17:38:27.887+08:00] screenshotBase64 begin
[2026-09-03T17:38:27.926+08:00] screenshotBase64 end, cost: 39ms
[2026-09-03T17:38:28.133+08:00] mouse move to 409, 632
[2026-09-03T17:38:28.135+08:00] mouse click 409, 632, left, 1
[2026-09-03T17:38:28.447+08:00] waitForNavigation begin at moment afterInvokeAction with timeout: 5000 and actionName: Tap
[2026-09-03T17:38:28.449+08:00] waitForNetworkIdle begin at moment afterInvokeAction with timeout: 2000 and concurrency: 2 and actionName: Tap
[2026-09-03T17:38:28.461+08:00] waitForNavigation end
[2026-09-03T17:38:28.651+08:00] waitForNetworkIdle end
[2026-09-03T17:38:28.651+08:00] screenshotBase64 begin
[2026-09-03T17:38:28.671+08:00] screenshotBase64 end, cost: 20ms
[2026-09-03T17:38:34.201+08:00] screenshotBase64 begin
[2026-09-03T17:38:34.223+08:00] screenshotBase64 end, cost: 22ms
[2026-09-03T17:38:34.233+08:00] screenshotBase64 begin
[2026-09-03T17:38:34.270+08:00] screenshotBase64 end, cost: 37ms
